Archive member included to satisfy reference by file (symbol)

./Contents/Java/Arduino15/packages/Intel/hardware/arc32/1.0.6/variants/arduino_101/libarc32drv_arduino101.a(c_init.o)
                              (--whole-archive)
./Contents/Java/Arduino15/packages/Intel/hardware/arc32/1.0.6/variants/arduino_101/libarc32drv_arduino101.a(interrupt.o)
                              (--whole-archive)
./Contents/Java/Arduino15/packages/Intel/hardware/arc32/1.0.6/variants/arduino_101/libarc32drv_arduino101.a(version.o)
                              (--whole-archive)
./Contents/Java/Arduino15/packages/Intel/hardware/arc32/1.0.6/variants/arduino_101/libarc32drv_arduino101.a(arcv2_timer0.o)
                              (--whole-archive)
./Contents/Java/Arduino15/packages/Intel/hardware/arc32/1.0.6/variants/arduino_101/libarc32drv_arduino101.a(ipc_uart_ns16550.o)
                              (--whole-archive)
./Contents/Java/Arduino15/packages/Intel/hardware/arc32/1.0.6/variants/arduino_101/libarc32drv_arduino101.a(ns16550.o)
                              (--whole-archive)
./Contents/Java/Arduino15/packages/Intel/hardware/arc32/1.0.6/variants/arduino_101/libarc32drv_arduino101.a(soc_gpio.o)
                              (--whole-archive)
./Contents/Java/Arduino15/packages/Intel/hardware/arc32/1.0.6/variants/arduino_101/libarc32drv_arduino101.a(ss_dw_i2c.o)
                              (--whole-archive)
./Contents/Java/Arduino15/packages/Intel/hardware/arc32/1.0.6/variants/arduino_101/libarc32drv_arduino101.a(ss_gpio_iface.o)
                              (--whole-archive)
./Contents/Java/Arduino15/packages/Intel/hardware/arc32/1.0.6/variants/arduino_101/libarc32drv_arduino101.a(ss_i2c_iface.o)
                              (--whole-archive)
./Contents/Java/Arduino15/packages/Intel/hardware/arc32/1.0.6/variants/arduino_101/libarc32drv_arduino101.a(cfw_platform.o)
                              (--whole-archive)
./Contents/Java/Arduino15/packages/Intel/hardware/arc32/1.0.6/variants/arduino_101/libarc32drv_arduino101.a(nordic_interface.o)
                              (--whole-archive)
./Contents/Java/Arduino15/packages/Intel/hardware/arc32/1.0.6/variants/arduino_101/libarc32drv_arduino101.a(ble_service_gap_api.o)
                              (--whole-archive)
./Contents/Java/Arduino15/packages/Intel/hardware/arc32/1.0.6/variants/arduino_101/libarc32drv_arduino101.a(ble_service_gatts_api.o)
                              (--whole-archive)
./Contents/Java/Arduino15/packages/Intel/hardware/arc32/1.0.6/variants/arduino_101/libarc32drv_arduino101.a(ble_service_utils.o)
                              (--whole-archive)
./Contents/Java/Arduino15/packages/Intel/hardware/arc32/1.0.6/variants/arduino_101/libarc32drv_arduino101.a(cfw_debug.o)
                              (--whole-archive)
./Contents/Java/Arduino15/packages/Intel/hardware/arc32/1.0.6/variants/arduino_101/libarc32drv_arduino101.a(client_api.o)
                              (--whole-archive)
./Contents/Java/Arduino15/packages/Intel/hardware/arc32/1.0.6/variants/arduino_101/libarc32drv_arduino101.a(service_api.o)
                              (--whole-archive)
./Contents/Java/Arduino15/packages/Intel/hardware/arc32/1.0.6/variants/arduino_101/libarc32drv_arduino101.a(service_manager.o)
                              (--whole-archive)
./Contents/Java/Arduino15/packages/Intel/hardware/arc32/1.0.6/variants/arduino_101/libarc32drv_arduino101.a(factory_data.o)
                              (--whole-archive)
./Contents/Java/Arduino15/packages/Intel/hardware/arc32/1.0.6/variants/arduino_101/libarc32drv_arduino101.a(ipc.o)
                              (--whole-archive)
./Contents/Java/Arduino15/packages/Intel/hardware/arc32/1.0.6/variants/arduino_101/libarc32drv_arduino101.a(ipc_callback.o)
                              (--whole-archive)
./Contents/Java/Arduino15/packages/Intel/hardware/arc32/1.0.6/variants/arduino_101/libarc32drv_arduino101.a(log.o)
                              (--whole-archive)
./Contents/Java/Arduino15/packages/Intel/hardware/arc32/1.0.6/variants/arduino_101/libarc32drv_arduino101.a(log_impl_printk.o)
                              (--whole-archive)
./Contents/Java/Arduino15/packages/Intel/hardware/arc32/1.0.6/variants/arduino_101/libarc32drv_arduino101.a(port.o)
                              (--whole-archive)
./Contents/Java/Arduino15/packages/Intel/hardware/arc32/1.0.6/variants/arduino_101/libarc32drv_arduino101.a(uptime.o)
                              (--whole-archive)
./Contents/Java/Arduino15/packages/Intel/hardware/arc32/1.0.6/variants/arduino_101/libarc32drv_arduino101.a(list.o)
                              (--whole-archive)
./Contents/Java/Arduino15/packages/Intel/hardware/arc32/1.0.6/variants/arduino_101/libarc32drv_arduino101.a(os.o)
                              (--whole-archive)
./Contents/Java/Arduino15/packages/Intel/hardware/arc32/1.0.6/variants/arduino_101/libarc32drv_arduino101.a(init.o)
                              (--whole-archive)
[...]
Memory Configuration

Name             Origin             Length             Attributes
FLASH            0x0000000040034000 0x0000000000026000 xr
SRAM             0x00000000a800e000 0x0000000000006000 xw
DCCM             0x0000000080000000 0x0000000000002000 xw
*default*        0x0000000000000000 0xffffffffffffffff

Linker script and memory map

LOAD ./Contents/Java/Arduino15/packages/Intel/hardware/arc32/1.0.6/variants/arduino_101/libarc32drv_arduino101.a
START GROUP
LOAD ./Contents/Java/Arduino15/packages/Intel/hardware/arc32/1.0.6/variants/arduino_101/libarc32drv_arduino101.a
LOAD /Users/guozhong/nodejs/curie-smartnode/Arduino.app/Contents/Java/Arduino15/packages/Intel/tools/arc-elf32/1.6.9+1.0.1/bin/../lib/gcc/arc-elf32/4.8.5/../../../../arc-elf32/lib/libnsim.a
LOAD /Users/guozhong/nodejs/curie-smartnode/Arduino.app/Contents/Java/Arduino15/packages/Intel/tools/arc-elf32/1.6.9+1.0.1/bin/../lib/gcc/arc-elf32/4.8.5/../../../../arc-elf32/lib/libc.a
LOAD /Users/guozhong/nodejs/curie-smartnode/Arduino.app/Contents/Java/Arduino15/packages/Intel/tools/arc-elf32/1.6.9+1.0.1/bin/../lib/gcc/arc-elf32/4.8.5/../../../../arc-elf32/lib/libm.a
LOAD /Users/guozhong/nodejs/curie-smartnode/Arduino.app/Contents/Java/Arduino15/packages/Intel/tools/arc-elf32/1.6.9+1.0.1/bin/../lib/gcc/arc-elf32/4.8.5/libgcc.a
LOAD ./OutputCurieSn/sketch/Ccode_for_curie.ino.cpp.o
LOAD ./OutputCurieSn/libraries/CurieTimerOne/CurieTimerOne.cpp.o
LOAD ./OutputCurieSn/core/variant.cpp.o
LOAD ./OutputCurieSn/core/core.a
                0x0000000000000800                __stack_size = 0x800
                0x0000000000000200                __firq_stack_size = 0x200
                0x0000000000002000                __HEAP_SIZE_MIN = 0x2000
                0x0000000000001000                __PAGE_SIZE = 0x1000

text            0x0000000040034000     0x5634
                0x0000000040034000                __text_start = .
 *(.int_vector_table)
 .int_vector_table
                0x0000000040034000      0x110 ./Contents/Java/Arduino15/packages/Intel/hardware/arc32/1.0.6/variants/arduino_101/libarc32drv_arduino101.a(init.o)
 *(.int_vector_table.*)
 *(.version_header)
 .version_header
                0x0000000040034110       0x30 ./Contents/Java/Arduino15/packages/Intel/hardware/arc32/1.0.6/variants/arduino_101/libarc32drv_arduino101.a(version.o)
                0x0000000040034110                version_header
 *(.version_header*)
 *(.text)
 .text          0x0000000040034140       0x70 ./Contents/Java/Arduino15/packages/Intel/hardware/arc32/1.0.6/variants/arduino_101/libarc32drv_arduino101.a(init.o)
                0x0000000040034168                _exit_halt
                0x0000000040034168                _do_fault
                0x0000000040034184                _do_isr
 .text          0x00000000400341b0       0x80 /Users/guozhong/nodejs/curie-smartnode/Arduino.app/Contents/Java/Arduino15/packages/Intel/tools/arc-elf32/1.6.9+1.0.1/bin/../lib/gcc/arc-elf32/4.8.5/../../../../arc-elf32/lib/libc.a(lib_a-memcpy-bs.o)
                0x00000000400341b0                memcpy
 .text          0x0000000040034230       0x6c /Users/guozhong/nodejs/curie-smartnode/Arduino.app/Contents/Java/Arduino15/packages/Intel/tools/arc-elf32/1.6.9+1.0.1/bin/../lib/gcc/arc-elf32/4.8.5/../../../../arc-elf32/lib/libc.a(lib_a-memset-bs.o)
                0x0000000040034230                memset
                0x0000000040034284                __strncpy_bzero
 .text          0x000000004003429c       0x7c /Users/guozhong/nodejs/curie-smartnode/Arduino.app/Contents/Java/Arduino15/packages/Intel/tools/arc-elf32/1.6.9+1.0.1/bin/../lib/gcc/arc-elf32/4.8.5/../../../../arc-elf32/lib/libc.a(lib_a-strcpy-bs.o)
                0x000000004003429c                strcpy
 .text          0x0000000040034318       0x88 /Users/guozhong/nodejs/curie-smartnode/Arduino.app/Contents/Java/Arduino15/packages/Intel/tools/arc-elf32/1.6.9+1.0.1/bin/../lib/gcc/arc-elf32/4.8.5/../../../../arc-elf32/lib/libc.a(lib_a-strlen-bs-norm.o)
                0x0000000040034318                strlen
 .text          0x00000000400343a0        0x4 /Users/guozhong/nodejs/curie-smartnode/Arduino.app/Contents/Java/Arduino15/packages/Intel/tools/arc-elf32/1.6.9+1.0.1/bin/../lib/gcc/arc-elf32/4.8.5/libgcc.a(_udivsi3.o)
                0x00000000400343a0                __udivsi3
 .text          0x00000000400343a4       0x10 /Users/guozhong/nodejs/curie-smartnode/Arduino.app/Contents/Java/Arduino15/packages/Intel/tools/arc-elf32/1.6.9+1.0.1/bin/../lib/gcc/arc-elf32/4.8.5/libgcc.a(_umodsi3.o)
                0x00000000400343a4                __umodsi3
 .text          0x00000000400343b4       0x74 /Users/guozhong/nodejs/curie-smartnode/Arduino.app/Contents/Java/Arduino15/packages/Intel/tools/arc-elf32/1.6.9+1.0.1/bin/../lib/gcc/arc-elf32/4.8.5/libgcc.a(_divmod_tools.o)
                0x00000000400343b4                __udivmodsi4
 .text          0x0000000040034428       0x30 /Users/guozhong/nodejs/curie-smartnode/Arduino.app/Contents/Java/Arduino15/packages/Intel/tools/arc-elf32/1.6.9+1.0.1/bin/../lib/gcc/arc-elf32/4.8.5/libgcc.a(_millicodethunk_st.o)
                0x0000000040034428                __st_r13_to_r25
                0x000000004003442c                __st_r13_to_r24
                0x0000000040034430                __st_r13_to_r23
                0x0000000040034434                __st_r13_to_r22
                0x0000000040034438                __st_r13_to_r21
                0x000000004003443c                __st_r13_to_r20
                0x0000000040034440                __st_r13_to_r19
                0x0000000040034444                __st_r13_to_r18
                0x0000000040034448                __st_r13_to_r17
                0x000000004003444c                __st_r13_to_r16
                0x0000000040034450                __st_r13_to_r15
 .text          0x0000000040034458       0x30 /Users/guozhong/nodejs/curie-smartnode/Arduino.app/Contents/Java/Arduino15/packages/Intel/tools/arc-elf32/1.6.9+1.0.1/bin/../lib/gcc/arc-elf32/4.8.5/libgcc.a(_millicodethunk_ld.o)
                0x0000000040034458                __ld_r13_to_r25
                0x000000004003445c                __ld_r13_to_r24
                0x0000000040034460                __ld_r13_to_r23
                0x0000000040034464                __ld_r13_to_r22
                0x0000000040034468                __ld_r13_to_r21
                0x000000004003446c                __ld_r13_to_r20
                0x0000000040034470                __ld_r13_to_r19
                0x0000000040034474                __ld_r13_to_r18
                0x0000000040034478                __ld_r13_to_r17
                0x000000004003447c                __ld_r13_to_r16
                0x0000000040034480                __ld_r13_to_r15
 .text          0x0000000040034488       0x3c /Users/guozhong/nodejs/curie-smartnode/Arduino.app/Contents/Java/Arduino15/packages/Intel/tools/arc-elf32/1.6.9+1.0.1/bin/../lib/gcc/arc-elf32/4.8.5/libgcc.a(_millicodethunk_ret.o)
                0x0000000040034488                __ld_r13_to_r25_ret
                0x000000004003448c                __ld_r13_to_r24_ret
                0x0000000040034490                __ld_r13_to_r23_ret
                0x0000000040034494                __ld_r13_to_r22_ret
                0x0000000040034498                __ld_r13_to_r21_ret
                0x000000004003449c                __ld_r13_to_r20_ret
                0x00000000400344a0                __ld_r13_to_r19_ret
                0x00000000400344a4                __ld_r13_to_r18_ret
                0x00000000400344a8                __ld_r13_to_r17_ret
                0x00000000400344ac                __ld_r13_to_r16_ret
                0x00000000400344b0                __ld_r13_to_r15_ret
                0x00000000400344b4                __ld_r13_to_r14_ret
 *(.text.*)
 .text._main    0x00000000400344c4       0x70 ./Contents/Java/Arduino15/packages/Intel/hardware/arc32/1.0.6/variants/arduino_101/libarc32drv_arduino101.a(c_init.o)
                0x00000000400344c4                _main
 .text.interrupt_connect
                0x0000000040034534       0x20 ./Contents/Java/Arduino15/packages/Intel/hardware/arc32/1.0.6/variants/arduino_101/libarc32drv_arduino101.a(interrupt.o)
                0x0000000040034534                interrupt_connect
 .text.interrupt_enable
                0x0000000040034554       0x28 ./Contents/Java/Arduino15/packages/Intel/hardware/arc32/1.0.6/variants/arduino_101/libarc32drv_arduino101.a(interrupt.o)
                0x0000000040034554                interrupt_enable
 .text.interrupt_disable
                0x000000004003457c       0x20 ./Contents/Java/Arduino15/packages/Intel/hardware/arc32/1.0.6/variants/arduino_101/libarc32drv_arduino101.a(interrupt.o)
                0x000000004003457c                interrupt_disable
 .text.interrupt_unit_device_init
                0x000000004003459c       0x50 ./Contents/Java/Arduino15/packages/Intel/hardware/arc32/1.0.6/variants/arduino_101/libarc32drv_arduino101.a(interrupt.o)
                0x000000004003459c                interrupt_unit_device_init
 .text._arcv2_timer0_int_handler
                0x00000000400345ec       0x20 ./Contents/Java/Arduino15/packages/Intel/hardware/arc32/1.0.6/variants/arduino_101/libarc32drv_arduino101.a(arcv2_timer0.o)
                0x00000000400345ec                _arcv2_timer0_int_handler
 .text.timer0_driver_init
                0x000000004003460c       0x40 ./Contents/Java/Arduino15/packages/Intel/hardware/arc32/1.0.6/variants/arduino_101/libarc32drv_arduino101.a(arcv2_timer0.o)
                0x000000004003460c                timer0_driver_init
 .text.uart_ipc_get_channel
                0x000000004003464c       0x14 ./Contents/Java/Arduino15/packages/Intel/hardware/arc32/1.0.6/variants/arduino_101/libarc32drv_arduino101.a(ipc_uart_ns16550.o)
                0x000000004003464c                uart_ipc_get_channel
 .text.uart_ipc_send_message
                0x0000000040034660       0x88 ./Contents/Java/Arduino15/packages/Intel/hardware/arc32/1.0.6/variants/arduino_101/libarc32drv_arduino101.a(ipc_uart_ns16550.o)
                0x0000000040034660                uart_ipc_send_message
 .text.uart_init
                0x00000000400346e8       0x9c ./Contents/Java/Arduino15/packages/Intel/hardware/arc32/1.0.6/variants/arduino_101/libarc32drv_arduino101.a(ns16550.o)
                0x00000000400346e8                uart_init
 .text.uart_poll_in
                0x0000000040034784       0x28 ./Contents/Java/Arduino15/packages/Intel/hardware/arc32/1.0.6/variants/arduino_101/libarc32drv_arduino101.a(ns16550.o)
                0x0000000040034784                uart_poll_in
 .text.uart_poll_out
                0x00000000400347ac       0x28 ./Contents/Java/Arduino15/packages/Intel/hardware/arc32/1.0.6/variants/arduino_101/libarc32drv_arduino101.a(ns16550.o)
                0x00000000400347ac                uart_poll_out
 .text.uart_fifo_read
                0x00000000400347d4       0x4c ./Contents/Java/Arduino15/packages/Intel/hardware/arc32/1.0.6/variants/arduino_101/libarc32drv_arduino101.a(ns16550.o)
                0x00000000400347d4                uart_fifo_read
 .text.uart_irq_tx_enable
                0x0000000040034820       0x20 ./Contents/Java/Arduino15/packages/Intel/hardware/arc32/1.0.6/variants/arduino_101/libarc32drv_arduino101.a(ns16550.o)
                0x0000000040034820                uart_irq_tx_enable
 .text.uart_irq_tx_disable
                0x0000000040034840       0x20 ./Contents/Java/Arduino15/packages/Intel/hardware/arc32/1.0.6/variants/arduino_101/libarc32drv_arduino101.a(ns16550.o)
                0x0000000040034840                uart_irq_tx_disable
 .text.uart_irq_tx_ready
                0x0000000040034860       0x20 ./Contents/Java/Arduino15/packages/Intel/hardware/arc32/1.0.6/variants/arduino_101/libarc32drv_arduino101.a(ns16550.o)
                0x0000000040034860                uart_irq_tx_ready
 .text.uart_irq_rx_enable
                0x0000000040034880       0x20 ./Contents/Java/Arduino15/packages/Intel/hardware/arc32/1.0.6/variants/arduino_101/libarc32drv_arduino101.a(ns16550.o)
                0x0000000040034880                uart_irq_rx_enable
 .text.uart_irq_rx_disable
                0x00000000400348a0       0x20 ./Contents/Java/Arduino15/packages/Intel/hardware/arc32/1.0.6/variants/arduino_101/libarc32drv_arduino101.a(ns16550.o)
                0x00000000400348a0                uart_irq_rx_disable
 .text.uart_irq_rx_ready
                0x00000000400348c0       0x20 ./Contents/Java/Arduino15/packages/Intel/hardware/arc32/1.0.6/variants/arduino_101/libarc32drv_arduino101.a(ns16550.o)
                0x00000000400348c0                uart_irq_rx_ready
 .text.uart_int_connect
                0x00000000400348e0       0x4c ./Contents/Java/Arduino15/packages/Intel/hardware/arc32/1.0.6/variants/arduino_101/libarc32drv_arduino101.a(ns16550.o)
                0x00000000400348e0                uart_int_connect
 .text.free_message_ipc
                0x000000004003492c       0x18 ./Contents/Java/Arduino15/packages/Intel/hardware/arc32/1.0.6/variants/arduino_101/libarc32drv_arduino101.a(cfw_platform.o)
 .text.send_message_ipc
                0x0000000040034944       0x18 ./Contents/Java/Arduino15/packages/Intel/hardware/arc32/1.0.6/variants/arduino_101/libarc32drv_arduino101.a(cfw_platform.o)
 .text.ipc_mbx_isr
                0x000000004003495c       0x30 ./Contents/Java/Arduino15/packages/Intel/hardware/arc32/1.0.6/variants/arduino_101/libarc32drv_arduino101.a(cfw_platform.o)
 .text.cfw_platform_init
                0x000000004003498c       0xb0 ./Contents/Java/Arduino15/packages/Intel/hardware/arc32/1.0.6/variants/arduino_101/libarc32drv_arduino101.a(cfw_platform.o)
                0x000000004003498c                cfw_platform_init
 .text.send_message_ipc_uart
                0x0000000040034a3c       0x34 ./Contents/Java/Arduino15/packages/Intel/hardware/arc32/1.0.6/variants/arduino_101/libarc32drv_arduino101.a(nordic_interface.o)
                0x0000000040034a3c                send_message_ipc_uart
 .text.free_message_ipc_uart
                0x0000000040034a70       0x10 ./Contents/Java/Arduino15/packages/Intel/hardware/arc32/1.0.6/variants/arduino_101/libarc32drv_arduino101.a(nordic_interface.o)
                0x0000000040034a70                free_message_ipc_uart
 .text.cfw_alloc_message
                0x0000000040034a80       0x10 ./Contents/Java/Arduino15/packages/Intel/hardware/arc32/1.0.6/variants/arduino_101/libarc32drv_arduino101.a(client_api.o)
                0x0000000040034a80                cfw_alloc_message
 .text.cfw_alloc_rsp_msg
                0x0000000040034a90       0x50 ./Contents/Java/Arduino15/packages/Intel/hardware/arc32/1.0.6/variants/arduino_101/libarc32drv_arduino101.a(service_api.o)
                0x0000000040034a90                cfw_alloc_rsp_msg
 .text._cfw_send_message
                0x0000000040034ae0       0x10 ./Contents/Java/Arduino15/packages/Intel/hardware/arc32/1.0.6/variants/arduino_101/libarc32drv_arduino101.a(service_api.o)
                0x0000000040034ae0                _cfw_send_message
 .text.cfw_msg_free
                0x0000000040034af0       0x10 ./Contents/Java/Arduino15/packages/Intel/hardware/arc32/1.0.6/variants/arduino_101/libarc32drv_arduino101.a(service_api.o)
                0x0000000040034af0                cfw_msg_free
 .text.send_service_avail_evt
                0x0000000040034b00       0x54 ./Contents/Java/Arduino15/packages/Intel/hardware/arc32/1.0.6/variants/arduino_101/libarc32drv_arduino101.a(service_manager.o)
 .text.notify_service_avail_cb
                0x0000000040034b54       0x38 ./Contents/Java/Arduino15/packages/Intel/hardware/arc32/1.0.6/variants/arduino_101/libarc32drv_arduino101.a(service_manager.o)
                0x0000000040034b54                notify_service_avail_cb
 .text.add_service_avail_listener
                0x0000000040034b8c       0x3c ./Contents/Java/Arduino15/packages/Intel/hardware/arc32/1.0.6/variants/arduino_101/libarc32drv_arduino101.a(service_manager.o)
                0x0000000040034b8c                add_service_avail_listener
 .text.notify_service_avail
                0x0000000040034bc8       0x2c ./Contents/Java/Arduino15/packages/Intel/hardware/arc32/1.0.6/variants/arduino_101/libarc32drv_arduino101.a(service_manager.o)
                0x0000000040034bc8                notify_service_avail
 .text.get_event_registered_list
                0x0000000040034bf4       0x28 ./Contents/Java/Arduino15/packages/Intel/hardware/arc32/1.0.6/variants/arduino_101/libarc32drv_arduino101.a(service_manager.o)
                0x0000000040034bf4                get_event_registered_list
 .text._cfw_register_event
                0x0000000040034c1c       0x5c ./Contents/Java/Arduino15/packages/Intel/hardware/arc32/1.0.6/variants/arduino_101/libarc32drv_arduino101.a(service_manager.o)
                0x0000000040034c1c                _cfw_register_event
 .text._find_service
                0x0000000040034c78       0x30 ./Contents/Java/Arduino15/packages/Intel/hardware/arc32/1.0.6/variants/arduino_101/libarc32drv_arduino101.a(service_manager.o)
                0x0000000040034c78                _find_service
 .text.cfw_get_service
                0x0000000040034ca8       0x28 ./Contents/Java/Arduino15/packages/Intel/hardware/arc32/1.0.6/variants/arduino_101/libarc32drv_arduino101.a(service_manager.o)
                0x0000000040034ca8                cfw_get_service
 .text.internal_handle_message
                0x0000000040034cd0      0x20c ./Contents/Java/Arduino15/packages/Intel/hardware/arc32/1.0.6/variants/arduino_101/libarc32drv_arduino101.a(service_manager.o)
                0x0000000040034cd0                internal_handle_message
 .text.cfw_get_service_mgr_port_id
                0x0000000040034edc       0x14 ./Contents/Java/Arduino15/packages/Intel/hardware/arc32/1.0.6/variants/arduino_101/libarc32drv_arduino101.a(service_manager.o)
                0x0000000040034edc                cfw_get_service_mgr_port_id
 .text._cfw_init
                0x0000000040034ef0       0x34 ./Contents/Java/Arduino15/packages/Intel/hardware/arc32/1.0.6/variants/arduino_101/libarc32drv_arduino101.a(service_manager.o)
                0x0000000040034ef0                _cfw_init
 .text._add_service
                0x0000000040034f24       0x48 ./Contents/Java/Arduino15/packages/Intel/hardware/arc32/1.0.6/variants/arduino_101/libarc32drv_arduino101.a(service_manager.o)
                0x0000000040034f24                _add_service
 .text._cfw_register_service
                0x0000000040034f6c       0x64 ./Contents/Java/Arduino15/packages/Intel/hardware/arc32/1.0.6/variants/arduino_101/libarc32drv_arduino101.a(service_manager.o)
                0x0000000040034f6c                _cfw_register_service
 .text.handle_ipc_sync_request
                0x0000000040034fd0       0x5c ./Contents/Java/Arduino15/packages/Intel/hardware/arc32/1.0.6/variants/arduino_101/libarc32drv_arduino101.a(service_manager.o)
                0x0000000040034fd0                handle_ipc_sync_request
 .text.ipc_init
                0x000000004003502c       0x48 ./Contents/Java/Arduino15/packages/Intel/hardware/arc32/1.0.6/variants/arduino_101/libarc32drv_arduino101.a(ipc.o)
                0x000000004003502c                ipc_init
 .text.ipc_handle_message
                0x0000000040035074       0xa4 ./Contents/Java/Arduino15/packages/Intel/hardware/arc32/1.0.6/variants/arduino_101/libarc32drv_arduino101.a(ipc.o)
                0x0000000040035074                ipc_handle_message
 .text.ipc_request_sync_int
                0x0000000040035118      0x158 ./Contents/Java/Arduino15/packages/Intel/hardware/arc32/1.0.6/variants/arduino_101/libarc32drv_arduino101.a(ipc.o)
                0x0000000040035118                ipc_request_sync_int
 .text.ipc_sync_callback
                0x0000000040035270       0x54 ./Contents/Java/Arduino15/packages/Intel/hardware/arc32/1.0.6/variants/arduino_101/libarc32drv_arduino101.a(ipc_callback.o)
                0x0000000040035270                ipc_sync_callback
 .text.log_vprintk
                0x00000000400352c4       0x48 ./Contents/Java/Arduino15/packages/Intel/hardware/arc32/1.0.6/variants/arduino_101/libarc32drv_arduino101.a(log.o)
                0x00000000400352c4                log_vprintk
 .text.log_printk
                0x000000004003530c       0x38 ./Contents/Java/Arduino15/packages/Intel/hardware/arc32/1.0.6/variants/arduino_101/libarc32drv_arduino101.a(log.o)
                0x000000004003530c                log_printk
 .text.log_write_msg
                0x0000000040035344       0x10 ./Contents/Java/Arduino15/packages/Intel/hardware/arc32/1.0.6/variants/arduino_101/libarc32drv_arduino101.a(log_impl_printk.o)
                0x0000000040035344                log_write_msg
 .text.get_port
                0x0000000040035354       0x40 ./Contents/Java/Arduino15/packages/Intel/hardware/arc32/1.0.6/variants/arduino_101/libarc32drv_arduino101.a(port.o)
 .text.get_cpu_id
                0x0000000040035394       0x14 ./Contents/Java/Arduino15/packages/Intel/hardware/arc32/1.0.6/variants/arduino_101/libarc32drv_arduino101.a(port.o)
                0x0000000040035394                get_cpu_id
 .text.port_get_port_table
                0x00000000400353a8       0x14 ./Contents/Java/Arduino15/packages/Intel/hardware/arc32/1.0.6/variants/arduino_101/libarc32drv_arduino101.a(port.o)
                0x00000000400353a8                port_get_port_table
 .text.port_alloc
                0x00000000400353bc       0x60 ./Contents/Java/Arduino15/packages/Intel/hardware/arc32/1.0.6/variants/arduino_101/libarc32drv_arduino101.a(port.o)
                0x00000000400353bc                port_alloc
 .text.port_set_handler
                0x000000004003541c       0x28 ./Contents/Java/Arduino15/packages/Intel/hardware/arc32/1.0.6/variants/arduino_101/libarc32drv_arduino101.a(port.o)
                0x000000004003541c                port_set_handler
 .text.message_alloc
                0x0000000040035444       0x38 ./Contents/Java/Arduino15/packages/Intel/hardware/arc32/1.0.6/variants/arduino_101/libarc32drv_arduino101.a(port.o)
                0x0000000040035444                message_alloc
 .text.port_process_message
                0x000000004003547c       0x3c ./Contents/Java/Arduino15/packages/Intel/hardware/arc32/1.0.6/variants/arduino_101/libarc32drv_arduino101.a(port.o)
                0x000000004003547c                port_process_message
 .text.port_set_cpu_id
                0x00000000400354b8       0x24 ./Contents/Java/Arduino15/packages/Intel/hardware/arc32/1.0.6/variants/arduino_101/libarc32drv_arduino101.a(port.o)
                0x00000000400354b8                port_set_cpu_id
 .text.port_get_cpu_id
                0x00000000400354dc       0x18 ./Contents/Java/Arduino15/packages/Intel/hardware/arc32/1.0.6/variants/arduino_101/libarc32drv_arduino101.a(port.o)
                0x00000000400354dc                port_get_cpu_id
 .text.set_cpu_id
                0x00000000400354f4       0x14 ./Contents/Java/Arduino15/packages/Intel/hardware/arc32/1.0.6/variants/arduino_101/libarc32drv_arduino101.a(port.o)
                0x00000000400354f4                set_cpu_id
 .text.set_cpu_message_sender
                0x0000000040035508       0x18 ./Contents/Java/Arduino15/packages/Intel/hardware/arc32/1.0.6/variants/arduino_101/libarc32drv_arduino101.a(port.o)
                0x0000000040035508                set_cpu_message_sender
 .text.set_cpu_free_handler
                0x0000000040035520       0x18 ./Contents/Java/Arduino15/packages/Intel/hardware/arc32/1.0.6/variants/arduino_101/libarc32drv_arduino101.a(port.o)
                0x0000000040035520                set_cpu_free_handler
 .text.port_send_message
                0x0000000040035538       0x94 ./Contents/Java/Arduino15/packages/Intel/hardware/arc32/1.0.6/variants/arduino_101/libarc32drv_arduino101.a(port.o)
                0x0000000040035538                port_send_message
 .text.message_free
                0x00000000400355cc       0x50 ./Contents/Java/Arduino15/packages/Intel/hardware/arc32/1.0.6/variants/arduino_101/libarc32drv_arduino101.a(port.o)
                0x00000000400355cc                message_free
 .text.queue_process_message
                0x000000004003561c       0x48 ./Contents/Java/Arduino15/packages/Intel/hardware/arc32/1.0.6/variants/arduino_101/libarc32drv_arduino101.a(port.o)
                0x000000004003561c                queue_process_message
 .text.get_uptime_ms
                0x0000000040035664       0x28 ./Contents/Java/Arduino15/packages/Intel/hardware/arc32/1.0.6/variants/arduino_101/libarc32drv_arduino101.a(uptime.o)
                0x0000000040035664                get_uptime_ms
 .text.list_init
                0x000000004003568c       0x14 ./Contents/Java/Arduino15/packages/Intel/hardware/arc32/1.0.6/variants/arduino_101/libarc32drv_arduino101.a(list.o)
                0x000000004003568c                list_init
 .text.list_add
                0x00000000400356a0       0x28 ./Contents/Java/Arduino15/packages/Intel/hardware/arc32/1.0.6/variants/arduino_101/libarc32drv_arduino101.a(list.o)
                0x00000000400356a0                list_add
 .text.list_foreach_del
                0x00000000400356c8       0x60 ./Contents/Java/Arduino15/packages/Intel/hardware/arc32/1.0.6/variants/arduino_101/libarc32drv_arduino101.a(list.o)
                0x00000000400356c8                list_foreach_del
 .text.list_get
                0x0000000040035728       0x24 ./Contents/Java/Arduino15/packages/Intel/hardware/arc32/1.0.6/variants/arduino_101/libarc32drv_arduino101.a(list.o)
                0x0000000040035728                list_get
 .text.cfw_alloc
                0x000000004003574c       0x2c ./Contents/Java/Arduino15/packages/Intel/hardware/arc32/1.0.6/variants/arduino_101/libarc32drv_arduino101.a(os.o)
                0x000000004003574c                cfw_alloc
 .text.cfw_free
                0x0000000040035778       0x28 ./Contents/Java/Arduino15/packages/Intel/hardware/arc32/1.0.6/variants/arduino_101/libarc32drv_arduino101.a(os.o)
                0x0000000040035778                cfw_free
 .text.balloc   0x00000000400357a0       0x10 ./Contents/Java/Arduino15/packages/Intel/hardware/arc32/1.0.6/variants/arduino_101/libarc32drv_arduino101.a(os.o)
                0x00000000400357a0                balloc
 .text.bfree    0x00000000400357b0       0x18 ./Contents/Java/Arduino15/packages/Intel/hardware/arc32/1.0.6/variants/arduino_101/libarc32drv_arduino101.a(os.o)
                0x00000000400357b0                bfree
 .text.queue_get_message
                0x00000000400357c8       0x28 ./Contents/Java/Arduino15/packages/Intel/hardware/arc32/1.0.6/variants/arduino_101/libarc32drv_arduino101.a(os.o)
                0x00000000400357c8                queue_get_message
 .text.queue_send_message
                0x00000000400357f0       0x24 ./Contents/Java/Arduino15/packages/Intel/hardware/arc32/1.0.6/variants/arduino_101/libarc32drv_arduino101.a(os.o)
                0x00000000400357f0                queue_send_message
 .text.queue_create
                0x0000000040035814       0x54 ./Contents/Java/Arduino15/packages/Intel/hardware/arc32/1.0.6/variants/arduino_101/libarc32drv_arduino101.a(os.o)
                0x0000000040035814                queue_create
 .text.mutex_create
                0x0000000040035868       0x10 ./Contents/Java/Arduino15/packages/Intel/hardware/arc32/1.0.6/variants/arduino_101/libarc32drv_arduino101.a(os.o)
                0x0000000040035868                mutex_create
 .text.mutex_unlock
                0x0000000040035878        0xc ./Contents/Java/Arduino15/packages/Intel/hardware/arc32/1.0.6/variants/arduino_101/libarc32drv_arduino101.a(os.o)
                0x0000000040035878                mutex_unlock
 .text.mutex_lock
                0x0000000040035884       0x10 ./Contents/Java/Arduino15/packages/Intel/hardware/arc32/1.0.6/variants/arduino_101/libarc32drv_arduino101.a(os.o)
                0x0000000040035884                mutex_lock
 .text.malloc   0x0000000040035894       0x30 /Users/guozhong/nodejs/curie-smartnode/Arduino.app/Contents/Java/Arduino15/packages/Intel/tools/arc-elf32/1.6.9+1.0.1/bin/../lib/gcc/arc-elf32/4.8.5/../../../../arc-elf32/lib/libc.a(lib_a-malloc.o)
                0x0000000040035894                malloc
 .text.free     0x00000000400358c4       0x2c /Users/guozhong/nodejs/curie-smartnode/Arduino.app/Contents/Java/Arduino15/packages/Intel/tools/arc-elf32/1.6.9+1.0.1/bin/../lib/gcc/arc-elf32/4.8.5/../../../../arc-elf32/lib/libc.a(lib_a-malloc.o)
                0x00000000400358c4                free
 .text.malloc_extend_top
                0x00000000400358f0      0x2f8 /Users/guozhong/nodejs/curie-smartnode/Arduino.app/Contents/Java/Arduino15/packages/Intel/tools/arc-elf32/1.6.9+1.0.1/bin/../lib/gcc/arc-elf32/4.8.5/../../../../arc-elf32/lib/libc.a(lib_a-mallocr.o)
 .text._malloc_r
                0x0000000040035be8      0x8d4 /Users/guozhong/nodejs/curie-smartnode/Arduino.app/Contents/Java/Arduino15/packages/Intel/tools/arc-elf32/1.6.9+1.0.1/bin/../lib/gcc/arc-elf32/4.8.5/../../../../arc-elf32/lib/libc.a(lib_a-mallocr.o)
                0x0000000040035be8                _malloc_r
 .text.__malloc_lock
                0x00000000400364bc       0x14 /Users/guozhong/nodejs/curie-smartnode/Arduino.app/Contents/Java/Arduino15/packages/Intel/tools/arc-elf32/1.6.9+1.0.1/bin/../lib/gcc/arc-elf32/4.8.5/../../../../arc-elf32/lib/libc.a(lib_a-mlock.o)
                0x00000000400364bc                __malloc_lock
 .text.__malloc_unlock
                0x00000000400364d0       0x14 /Users/guozhong/nodejs/curie-smartnode/Arduino.app/Contents/Java/Arduino15/packages/Intel/tools/arc-elf32/1.6.9+1.0.1/bin/../lib/gcc/arc-elf32/4.8.5/../../../../arc-elf32/lib/libc.a(lib_a-mlock.o)
                0x00000000400364d0                __malloc_unlock
 .text._sbrk_r  0x00000000400364e4       0x5c /Users/guozhong/nodejs/curie-smartnode/Arduino.app/Contents/Java/Arduino15/packages/Intel/tools/arc-elf32/1.6.9+1.0.1/bin/../lib/gcc/arc-elf32/4.8.5/../../../../arc-elf32/lib/libc.a(lib_a-sbrkr.o)
                0x00000000400364e4                _sbrk_r
 .text._free_r  0x0000000040036540      0x43c /Users/guozhong/nodejs/curie-smartnode/Arduino.app/Contents/Java/Arduino15/packages/Intel/tools/arc-elf32/1.6.9+1.0.1/bin/../lib/gcc/arc-elf32/4.8.5/../../../../arc-elf32/lib/libc.a(lib_a-freer.o)
                0x0000000040036540                _free_r
 .text._malloc_trim_r
                0x000000004003697c      0x164 /Users/guozhong/nodejs/curie-smartnode/Arduino.app/Contents/Java/Arduino15/packages/Intel/tools/arc-elf32/1.6.9+1.0.1/bin/../lib/gcc/arc-elf32/4.8.5/../../../../arc-elf32/lib/libc.a(lib_a-freer.o)
                0x000000004003697c                _malloc_trim_r
 .text._ZN4Node8callBackEv
                0x0000000040036ae0        0xc ./OutputCurieSn/sketch/Ccode_for_curie.ino.cpp.o
                0x0000000040036ae0                Node::callBack()
 .text._ZN5TimerD2Ev
                0x0000000040036aec        0xc ./OutputCurieSn/sketch/Ccode_for_curie.ino.cpp.o
                0x0000000040036aec                Timer::~Timer()
                0x0000000040036aec                Timer::~Timer()
 .text._ZN5Debug5onMsgEv
                0x0000000040036af8        0xc ./OutputCurieSn/sketch/Ccode_for_curie.ino.cpp.o
                0x0000000040036af8                Debug::onMsg()
 .text._ZN4Node5onMsgEv
                0x0000000040036b04       0x1c ./OutputCurieSn/sketch/Ccode_for_curie.ino.cpp.o
                0x0000000040036b04                Node::onMsg()
 .text._ZN9QueueListIP4NodeED2Ev
                0x0000000040036b20       0x30 ./OutputCurieSn/sketch/Ccode_for_curie.ino.cpp.o
                0x0000000040036b20                QueueList<Node*>::~QueueList()
                0x0000000040036b20                QueueList<Node*>::~QueueList()
 .text._ZN5DFLedD2Ev
                0x0000000040036b50       0x30 ./OutputCurieSn/sketch/Ccode_for_curie.ino.cpp.o
                0x0000000040036b50                DFLed::~DFLed()
                0x0000000040036b50                DFLed::~DFLed()
 .text._ZN5DebugD2Ev
                0x0000000040036b80       0x30 ./OutputCurieSn/sketch/Ccode_for_curie.ino.cpp.o
                0x0000000040036b80                Debug::~Debug()
                0x0000000040036b80                Debug::~Debug()
 .text._ZN8DFButtonD2Ev
                0x0000000040036bb0       0x40 ./OutputCurieSn/sketch/Ccode_for_curie.ino.cpp.o
                0x0000000040036bb0                DFButton::~DFButton()
                0x0000000040036bb0                DFButton::~DFButton()
 .text._ZNK9QueueListIP4NodeE4exitEPKc.isra.7
                0x0000000040036bf0       0x34 ./OutputCurieSn/sketch/Ccode_for_curie.ino.cpp.o
 .text._ZNK9QueueListI5eventE4exitEPKc.isra.11
                0x0000000040036c24       0x34 ./OutputCurieSn/sketch/Ccode_for_curie.ino.cpp.o
 .text._ZN10EventStoreD2Ev
                0x0000000040036c58       0x40 ./OutputCurieSn/sketch/Ccode_for_curie.ino.cpp.o
                0x0000000040036c58                EventStore::~EventStore()
                0x0000000040036c58                EventStore::~EventStore()
 .text._ZN10EventStoreC2Ev
                0x0000000040036c98       0x3c ./OutputCurieSn/sketch/Ccode_for_curie.ino.cpp.o
                0x0000000040036c98                EventStore::EventStore()
                0x0000000040036c98                EventStore::EventStore()
 .text._ZN5eventC2ERKS_
                0x0000000040036cd4       0x34 ./OutputCurieSn/sketch/Ccode_for_curie.ino.cpp.o
                0x0000000040036cd4                event::event(event const&)
                0x0000000040036cd4                event::event(event const&)
 .text._ZN5DFLed5onMsgEv
                0x0000000040036d08       0x8c ./OutputCurieSn/sketch/Ccode_for_curie.ino.cpp.o
                0x0000000040036d08                DFLed::onMsg()
 .text._ZN10EventStore4execEv
                0x0000000040036d94       0x90 ./OutputCurieSn/sketch/Ccode_for_curie.ino.cpp.o
                0x0000000040036d94                EventStore::exec()
 .text._ZN5TimerC2Ev
                0x0000000040036e24       0x20 ./OutputCurieSn/sketch/Ccode_for_curie.ino.cpp.o
                0x0000000040036e24                Timer::Timer()
                0x0000000040036e24                Timer::Timer()
 .text._ZN5Timer5setUpEv
                0x0000000040036e44       0x28 ./OutputCurieSn/sketch/Ccode_for_curie.ino.cpp.o
                0x0000000040036e44                Timer::setUp()
 .text._ZN5Timer11setIntervalEtP4Node
                0x0000000040036e6c       0x50 ./OutputCurieSn/sketch/Ccode_for_curie.ino.cpp.o
                0x0000000040036e6c                Timer::setInterval(unsigned short, Node*)
 .text._ZN5Timer4execEv
                0x0000000040036ebc       0x44 ./OutputCurieSn/sketch/Ccode_for_curie.ino.cpp.o
                0x0000000040036ebc                Timer::exec()
 .text._Z13timerCallBackv
                0x0000000040036f00       0x14 ./OutputCurieSn/sketch/Ccode_for_curie.ino.cpp.o
                0x0000000040036f00                timerCallBack()
 .text._ZN5DFLedC2Ev
                0x0000000040036f14       0x3c ./OutputCurieSn/sketch/Ccode_for_curie.ino.cpp.o
                0x0000000040036f14                DFLed::DFLed()
                0x0000000040036f14                DFLed::DFLed()
 .text._ZN8DFButtonC2Ev
                0x0000000040036f50       0x3c ./OutputCurieSn/sketch/Ccode_for_curie.ino.cpp.o
                0x0000000040036f50                DFButton::DFButton()
                0x0000000040036f50                DFButton::DFButton()
 .text._ZN5DebugC2Ev
                0x0000000040036f8c       0x3c ./OutputCurieSn/sketch/Ccode_for_curie.ino.cpp.o
                0x0000000040036f8c                Debug::Debug()
                0x0000000040036f8c                Debug::Debug()
 .text.loop     0x0000000040036fc8       0x14 ./OutputCurieSn/sketch/Ccode_for_curie.ino.cpp.o
                0x0000000040036fc8                loop
 .text._ZN9QueueListIP4NodeE2atEi
                0x0000000040036fdc       0x54 ./OutputCurieSn/sketch/Ccode_for_curie.ino.cpp.o
                0x0000000040036fdc                QueueList<Node*>::at(int)
 .text._ZN10EventStore8addEventER9QueueListIP4NodeE5EType6StringPsh
                0x0000000040037030      0x110 ./OutputCurieSn/sketch/Ccode_for_curie.ino.cpp.o
                0x0000000040037030                EventStore::addEvent(QueueList<Node*>&, EType, String, short*, unsigned char)
 .text._ZN8DFButton8callBackEv
                0x0000000040037140      0x148 ./OutputCurieSn/sketch/Ccode_for_curie.ino.cpp.o
                0x0000000040037140                DFButton::callBack()
 .text._ZN9QueueListIP4NodeE5clearEv
                0x0000000040037288       0x30 ./OutputCurieSn/sketch/Ccode_for_curie.ino.cpp.o
                0x0000000040037288                QueueList<Node*>::clear()
 .text._ZN9QueueListIP4NodeE4pushERS1_
                0x00000000400372b8       0x4c ./OutputCurieSn/sketch/Ccode_for_curie.ino.cpp.o
                0x00000000400372b8                QueueList<Node*>::push(Node*&)
 .text._ZN9QueueListIP4NodeEaSERS2_
                0x0000000040037304       0x38 ./OutputCurieSn/sketch/Ccode_for_curie.ino.cpp.o
                0x0000000040037304                QueueList<Node*>::operator=(QueueList<Node*>&)
 .text._ZN5DFLed5setUpE6StringhR9QueueListIP4NodeEb
                0x000000004003733c       0x44 ./OutputCurieSn/sketch/Ccode_for_curie.ino.cpp.o
                0x000000004003733c                DFLed::setUp(String, unsigned char, QueueList<Node*>&, bool)
 .text._ZN8DFButton5setUpE6StringhhR9QueueListIP4NodeEb
                0x0000000040037380       0x88 ./OutputCurieSn/sketch/Ccode_for_curie.ino.cpp.o
                0x0000000040037380                DFButton::setUp(String, unsigned char, unsigned char, QueueList<Node*>&, bool)
 .text._ZN5Debug5setUpE6StringR9QueueListIP4NodeE
                0x0000000040037408       0x30 ./OutputCurieSn/sketch/Ccode_for_curie.ino.cpp.o
                0x0000000040037408                Debug::setUp(String, QueueList<Node*>&)
 .text._GLOBAL__sub_I__ZN4Node5onMsgEv
                0x0000000040037438       0xe8 ./OutputCurieSn/sketch/Ccode_for_curie.ino.cpp.o
 .text.setup    0x0000000040037520       0xf8 ./OutputCurieSn/sketch/Ccode_for_curie.ino.cpp.o
                0x0000000040037520                setup
 .text._ZL20timerOnePwmCbWrapperv
                0x0000000040037618       0x5c ./OutputCurieSn/libraries/CurieTimerOne/CurieTimerOne.cpp.o
 .text._ZL18timerOneIsrWrapperv
                0x0000000040037674       0x3c ./OutputCurieSn/libraries/CurieTimerOne/CurieTimerOne.cpp.o
 .text._ZN10CurieTimerC2Ev
                0x00000000400376b0       0x3c ./OutputCurieSn/libraries/CurieTimerOne/CurieTimerOne.cpp.o
                0x00000000400376b0                CurieTimer::CurieTimer()
                0x00000000400376b0                CurieTimer::CurieTimer()
 .text._ZN10CurieTimer4initEjPFvvE
                0x00000000400376ec       0x7c ./OutputCurieSn/libraries/CurieTimerOne/CurieTimerOne.cpp.o
                0x00000000400376ec                CurieTimer::init(unsigned int, void (*)())
 .text._GLOBAL__sub_I_CurieTimerOne
                0x0000000040037768       0x14 ./OutputCurieSn/libraries/CurieTimerOne/CurieTimerOne.cpp.o
 .text._Z11serialEventv
                0x000000004003777c        0xc ./OutputCurieSn/core/variant.cpp.o
                0x000000004003777c                serialEvent()
 .text._Z12UART_Handlerv
                0x0000000040037788       0x14 ./OutputCurieSn/core/variant.cpp.o
                0x0000000040037788                UART_Handler()
 .text._Z12serialEvent1v
                0x000000004003779c        0xc ./OutputCurieSn/core/variant.cpp.o
                0x000000004003779c                serialEvent1()
 .text.variantGpioInit
                0x00000000400377a8       0xf8 ./OutputCurieSn/core/variant.cpp.o
                0x00000000400377a8                variantGpioInit
 .text.variantPwmInit
                0x00000000400378a0       0x3c ./OutputCurieSn/core/variant.cpp.o
                0x00000000400378a0                variantPwmInit
 .text.variantAdcInit
                0x00000000400378dc       0xa8 ./OutputCurieSn/core/variant.cpp.o
                0x00000000400378dc                variantAdcInit
 .text.initVariant
                0x0000000040037984       0x30 ./OutputCurieSn/core/variant.cpp.o
                0x0000000040037984                initVariant
 .text._GLOBAL__sub_I_g_APinDescription
                0x00000000400379b4       0x5c ./OutputCurieSn/core/variant.cpp.o
 .text._Z14serialEventRunv
                0x0000000040037a10       0x38 ./OutputCurieSn/core/variant.cpp.o
                0x0000000040037a10                serialEventRun()
 .text.delay    0x0000000040037a48       0xc4 ./OutputCurieSn/core/core.a(wiring.c.o)
                0x0000000040037a48                delay
 .text.pinMode  0x0000000040037b0c       0xf0 ./OutputCurieSn/core/core.a(wiring_digital.c.o)
                0x0000000040037b0c                pinMode
 .text.digitalWrite
                0x0000000040037bfc       0xb0 ./OutputCurieSn/core/core.a(wiring_digital.c.o)
                0x0000000040037bfc                digitalWrite
 .text.digitalRead
                0x0000000040037cac       0x54 ./OutputCurieSn/core/core.a(wiring_digital.c.o)
                0x0000000040037cac                digitalRead
 .text._ZN14CDCSerialClass3endEv
                0x0000000040037d00       0x14 ./OutputCurieSn/core/core.a(CDCSerialClass.cpp.o)
                0x0000000040037d00                CDCSerialClass::end()
 .text._ZN14CDCSerialClass4peekEv
                0x0000000040037d14       0x28 ./OutputCurieSn/core/core.a(CDCSerialClass.cpp.o)
                0x0000000040037d14                CDCSerialClass::peek()
 .text._ZN14CDCSerialClass4readEv
                0x0000000040037d3c       0x48 ./OutputCurieSn/core/core.a(CDCSerialClass.cpp.o)
                0x0000000040037d3c                CDCSerialClass::read()
 .text._ZN14CDCSerialClasscvbEv
                0x0000000040037d84       0x30 ./OutputCurieSn/core/core.a(CDCSerialClass.cpp.o)
                0x0000000040037d84                CDCSerialClass::operator bool()
 .text._ZN14CDCSerialClass5flushEv
                0x0000000040037db4       0x2c ./OutputCurieSn/core/core.a(CDCSerialClass.cpp.o)
                0x0000000040037db4                CDCSerialClass::flush()
 .text._ZN14CDCSerialClass9availableEv
                0x0000000040037de0       0x40 ./OutputCurieSn/core/core.a(CDCSerialClass.cpp.o)
                0x0000000040037de0                CDCSerialClass::available()
 .text._ZN14CDCSerialClass5writeEh
                0x0000000040037e20       0x50 ./OutputCurieSn/core/core.a(CDCSerialClass.cpp.o)
                0x0000000040037e20                CDCSerialClass::write(unsigned char)
 .text._ZN14CDCSerialClassC2EP14uart_init_info
                0x0000000040037e70       0x20 ./OutputCurieSn/core/core.a(CDCSerialClass.cpp.o)
                0x0000000040037e70                CDCSerialClass::CDCSerialClass(uart_init_info*)
                0x0000000040037e70                CDCSerialClass::CDCSerialClass(uart_init_info*)
 .text._ZN14CDCSerialClass13setSharedDataEP19cdc_acm_shared_data
                0x0000000040037e90       0x18 ./OutputCurieSn/core/core.a(CDCSerialClass.cpp.o)
                0x0000000040037e90                CDCSerialClass::setSharedData(cdc_acm_shared_data*)
 .text._ZN14CDCSerialClass4initEmh
                0x0000000040037ea8       0x28 ./OutputCurieSn/core/core.a(CDCSerialClass.cpp.o)
                0x0000000040037ea8                CDCSerialClass::init(unsigned long, unsigned char)
 .text._ZN14CDCSerialClass5beginEm
                0x0000000040037ed0       0x10 ./OutputCurieSn/core/core.a(CDCSerialClass.cpp.o)
                0x0000000040037ed0                CDCSerialClass::begin(unsigned long)
 .text._ZN5Print5writeEPKhj
                0x0000000040037ee0       0x38 ./OutputCurieSn/core/core.a(Print.cpp.o)
                0x0000000040037ee0                Print::write(unsigned char const*, unsigned int)
 .text._ZN5Print5writeEPKc
                0x0000000040037f18       0x44 ./OutputCurieSn/core/core.a(Print.cpp.o)
                0x0000000040037f18                Print::write(char const*)
 .text._ZN5Print5printERK6String
                0x0000000040037f5c       0x48 ./OutputCurieSn/core/core.a(Print.cpp.o)
                0x0000000040037f5c                Print::print(String const&)
 .text._ZN5Print5printEPKc
                0x0000000040037fa4       0x10 ./OutputCurieSn/core/core.a(Print.cpp.o)
                0x0000000040037fa4                Print::print(char const*)
 .text._ZN5Print5printEc
                0x0000000040037fb4       0x14 ./OutputCurieSn/core/core.a(Print.cpp.o)
                0x0000000040037fb4                Print::print(char)
 .text._ZN5Print7printlnEv
                0x0000000040037fc8       0x2c ./OutputCurieSn/core/core.a(Print.cpp.o)
                0x0000000040037fc8                Print::println()
 .text._ZN5Print7printlnEPKc
                0x0000000040037ff4       0x28 ./OutputCurieSn/core/core.a(Print.cpp.o)
                0x0000000040037ff4                Print::println(char const*)
 .text._ZN5Print11printNumberEmh
                0x000000004003801c       0x68 ./OutputCurieSn/core/core.a(Print.cpp.o)
                0x000000004003801c                Print::printNumber(unsigned long, unsigned char)
 .text._ZN5Print5printEli
                0x0000000040038084       0x68 ./OutputCurieSn/core/core.a(Print.cpp.o)
                0x0000000040038084                Print::print(long, int)
 .text._ZN5Print7printlnEii
                0x00000000400380ec       0x28 ./OutputCurieSn/core/core.a(Print.cpp.o)
                0x00000000400380ec                Print::println(int, int)
 .text._ZN5Print5printEmi
                0x0000000040038114       0x20 ./OutputCurieSn/core/core.a(Print.cpp.o)
                0x0000000040038114                Print::print(unsigned long, int)
 .text._ZN5Print7printlnEhi
                0x0000000040038134       0x2c ./OutputCurieSn/core/core.a(Print.cpp.o)
                0x0000000040038134                Print::println(unsigned char, int)
 .text._ZN10RingBufferC2Ev
                0x0000000040038160       0x30 ./OutputCurieSn/core/core.a(RingBuffer.cpp.o)
                0x0000000040038160                RingBuffer::RingBuffer()
                0x0000000040038160                RingBuffer::RingBuffer()
 .text._ZN10RingBuffer10store_charEh
                0x0000000040038190       0x38 ./OutputCurieSn/core/core.a(RingBuffer.cpp.o)
                0x0000000040038190                RingBuffer::store_char(unsigned char)
 .text._ZN9UARTClasscvbEv
                0x00000000400381c8       0x10 ./OutputCurieSn/core/core.a(UARTClass.cpp.o)
                0x00000000400381c8                UARTClass::operator bool()
 .text._ZN9UARTClass9availableEv
                0x00000000400381d8       0x1c ./OutputCurieSn/core/core.a(UARTClass.cpp.o)
                0x00000000400381d8                UARTClass::available()
 .text._ZN9UARTClass4peekEv
                0x00000000400381f4       0x24 ./OutputCurieSn/core/core.a(UARTClass.cpp.o)
                0x00000000400381f4                UARTClass::peek()
 .text._ZN9UARTClass4readEv
                0x0000000040038218       0x2c ./OutputCurieSn/core/core.a(UARTClass.cpp.o)
                0x0000000040038218                UARTClass::read()
 .text._ZN9UARTClass3endEv
                0x0000000040038244       0x54 ./OutputCurieSn/core/core.a(UARTClass.cpp.o)
                0x0000000040038244                UARTClass::end()
 .text._ZN9UARTClass5flushEv
                0x0000000040038298       0x28 ./OutputCurieSn/core/core.a(UARTClass.cpp.o)
                0x0000000040038298                UARTClass::flush()
 .text._ZN9UARTClass5writeEh
                0x00000000400382c0       0x68 ./OutputCurieSn/core/core.a(UARTClass.cpp.o)
                0x00000000400382c0                UARTClass::write(unsigned char)
 .text._ZN9UARTClassC2EP14uart_init_infoP10RingBufferS3_
                0x0000000040038328       0x24 ./OutputCurieSn/core/core.a(UARTClass.cpp.o)
                0x0000000040038328                UARTClass::UARTClass(uart_init_info*, RingBuffer*, RingBuffer*)
                0x0000000040038328                UARTClass::UARTClass(uart_init_info*, RingBuffer*, RingBuffer*)
 .text._ZN9UARTClass4initEmh
                0x000000004003834c       0xc0 ./OutputCurieSn/core/core.a(UARTClass.cpp.o)
                0x000000004003834c                UARTClass::init(unsigned long, unsigned char)
 .text._ZN9UARTClass5beginEmh
                0x000000004003840c       0x28 ./OutputCurieSn/core/core.a(UARTClass.cpp.o)
                0x000000004003840c                UARTClass::begin(unsigned long, unsigned char)
 .text._ZN9UARTClass5beginEm
                0x0000000040038434       0x10 ./OutputCurieSn/core/core.a(UARTClass.cpp.o)
                0x0000000040038434                UARTClass::begin(unsigned long)
 .text._ZN9UARTClass10IrqHandlerEv
                0x0000000040038444       0x74 ./OutputCurieSn/core/core.a(UARTClass.cpp.o)
                0x0000000040038444                UARTClass::IrqHandler()
 .text._ZN6StringD2Ev
                0x00000000400384b8       0x10 ./OutputCurieSn/core/core.a(WString.cpp.o)
                0x00000000400384b8                String::~String()
                0x00000000400384b8                String::~String()
 .text._ZN6String10invalidateEv
                0x00000000400384c8       0x2c ./OutputCurieSn/core/core.a(WString.cpp.o)
                0x00000000400384c8                String::invalidate()
 .text._ZN6String12changeBufferEj
                0x00000000400384f4       0x30 ./OutputCurieSn/core/core.a(WString.cpp.o)
                0x00000000400384f4                String::changeBuffer(unsigned int)
 .text._ZN6String7reserveEj
                0x0000000040038524       0x3c ./OutputCurieSn/core/core.a(WString.cpp.o)
                0x0000000040038524                String::reserve(unsigned int)
 .text._ZN6String4copyEPKcj
                0x0000000040038560       0x3c ./OutputCurieSn/core/core.a(WString.cpp.o)
                0x0000000040038560                String::copy(char const*, unsigned int)
 .text._ZN6StringC2EPKc
                0x000000004003859c       0x50 ./OutputCurieSn/core/core.a(WString.cpp.o)
                0x000000004003859c                String::String(char const*)
                0x000000004003859c                String::String(char const*)
 .text._ZN6String4moveERS_
                0x00000000400385ec       0x50 ./OutputCurieSn/core/core.a(WString.cpp.o)
                0x00000000400385ec                String::move(String&)
 .text._ZN6StringaSERKS_
                0x000000004003863c       0x34 ./OutputCurieSn/core/core.a(WString.cpp.o)
                0x000000004003863c                String::operator=(String const&)
 .text._ZN6StringC2ERKS_
                0x0000000040038670       0x18 ./OutputCurieSn/core/core.a(WString.cpp.o)
                0x0000000040038670                String::String(String const&)
                0x0000000040038670                String::String(String const&)
 .text._ZN6StringaSEOS_
                0x0000000040038688       0x24 ./OutputCurieSn/core/core.a(WString.cpp.o)
                0x0000000040038688                String::operator=(String&&)
 .text._ZNK6StringixEj
                0x00000000400386ac       0x20 ./OutputCurieSn/core/core.a(WString.cpp.o)
                0x00000000400386ac                String::operator[](unsigned int) const
 .text.main     0x00000000400386cc       0x28 ./OutputCurieSn/core/core.a(main.cpp.o)
                0x00000000400386cc                main
 .text._Znwj    0x00000000400386f4       0x10 ./OutputCurieSn/core/core.a(new.cpp.o)
                0x00000000400386f4                operator new(unsigned int)
 .text._ZdlPv   0x0000000040038704       0x10 ./OutputCurieSn/core/core.a(new.cpp.o)
                0x0000000040038704                operator delete(void*)
 .text.__empty  0x0000000040038714        0xc ./OutputCurieSn/core/core.a(hooks.c.o)
                0x0000000040038714                yield
 .text._sbrk    0x0000000040038720       0x48 /Users/guozhong/nodejs/curie-smartnode/Arduino.app/Contents/Java/Arduino15/packages/Intel/tools/arc-elf32/1.6.9+1.0.1/bin/../lib/gcc/arc-elf32/4.8.5/../../../../arc-elf32/lib/libnsim.a(sbrk.o)
                0x0000000040038720                _sbrk
 .text.calloc   0x0000000040038768       0x38 /Users/guozhong/nodejs/curie-smartnode/Arduino.app/Contents/Java/Arduino15/packages/Intel/tools/arc-elf32/1.6.9+1.0.1/bin/../lib/gcc/arc-elf32/4.8.5/../../../../arc-elf32/lib/libc.a(lib_a-calloc.o)
                0x0000000040038768                calloc
 .text._calloc_r
                0x00000000400387a0      0x130 /Users/guozhong/nodejs/curie-smartnode/Arduino.app/Contents/Java/Arduino15/packages/Intel/tools/arc-elf32/1.6.9+1.0.1/bin/../lib/gcc/arc-elf32/4.8.5/../../../../arc-elf32/lib/libc.a(lib_a-callocr.o)
                0x00000000400387a0                _calloc_r
 .text.__cxa_atexit
                0x00000000400388d0       0x38 /Users/guozhong/nodejs/curie-smartnode/Arduino.app/Contents/Java/Arduino15/packages/Intel/tools/arc-elf32/1.6.9+1.0.1/bin/../lib/gcc/arc-elf32/4.8.5/../../../../arc-elf32/lib/libc.a(lib_a-cxa_atexit.o)
                0x00000000400388d0                __cxa_atexit
 .text.__errno  0x0000000040038908       0x18 /Users/guozhong/nodejs/curie-smartnode/Arduino.app/Contents/Java/Arduino15/packages/Intel/tools/arc-elf32/1.6.9+1.0.1/bin/../lib/gcc/arc-elf32/4.8.5/../../../../arc-elf32/lib/libc.a(lib_a-errno.o)
                0x0000000040038908                __errno
 .text.memmove  0x0000000040038920      0x1c0 /Users/guozhong/nodejs/curie-smartnode/Arduino.app/Contents/Java/Arduino15/packages/Intel/tools/arc-elf32/1.6.9+1.0.1/bin/../lib/gcc/arc-elf32/4.8.5/../../../../arc-elf32/lib/libc.a(lib_a-memmove.o)
                0x0000000040038920                memmove
 .text.realloc  0x0000000040038ae0       0x38 /Users/guozhong/nodejs/curie-smartnode/Arduino.app/Contents/Java/Arduino15/packages/Intel/tools/arc-elf32/1.6.9+1.0.1/bin/../lib/gcc/arc-elf32/4.8.5/../../../../arc-elf32/lib/libc.a(lib_a-realloc.o)
                0x0000000040038ae0                realloc
 .text._realloc_r
                0x0000000040038b18      0x9e8 /Users/guozhong/nodejs/curie-smartnode/Arduino.app/Contents/Java/Arduino15/packages/Intel/tools/arc-elf32/1.6.9+1.0.1/bin/../lib/gcc/arc-elf32/4.8.5/../../../../arc-elf32/lib/libc.a(lib_a-reallocr.o)
                0x0000000040038b18                _realloc_r
 .text.__register_exitproc
                0x0000000040039500      0x134 /Users/guozhong/nodejs/curie-smartnode/Arduino.app/Contents/Java/Arduino15/packages/Intel/tools/arc-elf32/1.6.9+1.0.1/bin/../lib/gcc/arc-elf32/4.8.5/../../../../arc-elf32/lib/libc.a(lib_a-__atexit.o)
                0x0000000040039500                __register_exitproc
                0x0000000040039634                __text_end = .

ctors           0x0000000040039634       0x14
                0x0000000040039634                . = ALIGN (0x4)
                0x0000000040039634                __CTOR_LIST__ = .
                0x0000000040039634        0x4 LONG 0x3 (((__CTOR_END__ - __CTOR_LIST__) / 0x4) - 0x2)
 *(SORT(.ctors*))
 .ctors         0x0000000040039638        0x4 ./OutputCurieSn/sketch/Ccode_for_curie.ino.cpp.o
 .ctors         0x000000004003963c        0x4 ./OutputCurieSn/libraries/CurieTimerOne/CurieTimerOne.cpp.o
 .ctors         0x0000000040039640        0x4 ./OutputCurieSn/core/variant.cpp.o
                0x0000000040039644        0x4 LONG 0x0
                0x0000000040039648                __CTOR_END__ = .

rodata          0x0000000040039648      0x35c
 *(.rodata)
 .rodata        0x0000000040039648        0x4 /Users/guozhong/nodejs/curie-smartnode/Arduino.app/Contents/Java/Arduino15/packages/Intel/tools/arc-elf32/1.6.9+1.0.1/bin/../lib/gcc/arc-elf32/4.8.5/../../../../arc-elf32/lib/libc.a(lib_a-impure.o)
 *(.rodata.*)
 .rodata.__func__.2840
                0x000000004003964c       0x18 ./Contents/Java/Arduino15/packages/Intel/hardware/arc32/1.0.6/variants/arduino_101/libarc32drv_arduino101.a(service_manager.o)
 .rodata.str1.4
                0x0000000040039664       0x95 ./Contents/Java/Arduino15/packages/Intel/hardware/arc32/1.0.6/variants/arduino_101/libarc32drv_arduino101.a(service_manager.o)
                                         0x98 (size before relaxing)
 *fill*         0x00000000400396f9        0x3 
 .rodata.str1.4
                0x00000000400396fc       0x73 ./Contents/Java/Arduino15/packages/Intel/hardware/arc32/1.0.6/variants/arduino_101/libarc32drv_arduino101.a(ipc.o)
                                         0x74 (size before relaxing)
 *fill*         0x000000004003976f        0x1 
 .rodata.str1.4
                0x0000000040039770       0x32 ./Contents/Java/Arduino15/packages/Intel/hardware/arc32/1.0.6/variants/arduino_101/libarc32drv_arduino101.a(port.o)
                                         0x34 (size before relaxing)
 *fill*         0x00000000400397a2        0x2 
 .rodata._global_impure_ptr
                0x00000000400397a4        0x4 /Users/guozhong/nodejs/curie-smartnode/Arduino.app/Contents/Java/Arduino15/packages/Intel/tools/arc-elf32/1.6.9+1.0.1/bin/../lib/gcc/arc-elf32/4.8.5/../../../../arc-elf32/lib/libc.a(lib_a-impure.o)
                0x00000000400397a4                _global_impure_ptr
 .rodata._ZTV5DFLed
                0x00000000400397a8       0x10 ./OutputCurieSn/sketch/Ccode_for_curie.ino.cpp.o
                0x00000000400397a8                vtable for DFLed
 .rodata._ZTV8DFButton
                0x00000000400397b8       0x10 ./OutputCurieSn/sketch/Ccode_for_curie.ino.cpp.o
                0x00000000400397b8                vtable for DFButton
 .rodata._ZTV5Debug
                0x00000000400397c8       0x10 ./OutputCurieSn/sketch/Ccode_for_curie.ino.cpp.o
                0x00000000400397c8                vtable for Debug
 .rodata.str1.4
                0x00000000400397d8      0x174 ./OutputCurieSn/sketch/Ccode_for_curie.ino.cpp.o
                                        0x178 (size before relaxing)
 .rodata._ZTV14CDCSerialClass
                0x000000004003994c       0x2c ./OutputCurieSn/core/core.a(CDCSerialClass.cpp.o)
                0x000000004003994c                vtable for CDCSerialClass
 .rodata._ZTV9UARTClass
                0x0000000040039978       0x2c ./OutputCurieSn/core/core.a(UARTClass.cpp.o)
                0x0000000040039978                vtable for UARTClass
                0x00000000400399a4                __data_rom_start = ALIGN (0x4)

datas           0x00000000a800e000      0xc7c load address 0x00000000400399a4
                0x00000000a800e000                __data_ram_start = .
 *(.data)
 .data          0x00000000a800e000       0xd4 ./Contents/Java/Arduino15/packages/Intel/hardware/arc32/1.0.6/variants/arduino_101/libarc32drv_arduino101.a(interrupt.o)
                0x00000000a800e000                _IsrTable
 *(.data.*)
 .data.__malloc_av_
                0x00000000a800e0d4      0x408 /Users/guozhong/nodejs/curie-smartnode/Arduino.app/Contents/Java/Arduino15/packages/Intel/tools/arc-elf32/1.6.9+1.0.1/bin/../lib/gcc/arc-elf32/4.8.5/../../../../arc-elf32/lib/libc.a(lib_a-mallocr.o)
                0x00000000a800e0d4                __malloc_av_
 .data.__malloc_trim_threshold
                0x00000000a800e4dc        0x4 /Users/guozhong/nodejs/curie-smartnode/Arduino.app/Contents/Java/Arduino15/packages/Intel/tools/arc-elf32/1.6.9+1.0.1/bin/../lib/gcc/arc-elf32/4.8.5/../../../../arc-elf32/lib/libc.a(lib_a-mallocr.o)
                0x00000000a800e4dc                __malloc_trim_threshold
 .data.__malloc_sbrk_base
                0x00000000a800e4e0        0x4 /Users/guozhong/nodejs/curie-smartnode/Arduino.app/Contents/Java/Arduino15/packages/Intel/tools/arc-elf32/1.6.9+1.0.1/bin/../lib/gcc/arc-elf32/4.8.5/../../../../arc-elf32/lib/libc.a(lib_a-mallocr.o)
                0x00000000a800e4e0                __malloc_sbrk_base
 .data.impure_data
                0x00000000a800e4e4      0x424 /Users/guozhong/nodejs/curie-smartnode/Arduino.app/Contents/Java/Arduino15/packages/Intel/tools/arc-elf32/1.6.9+1.0.1/bin/../lib/gcc/arc-elf32/4.8.5/../../../../arc-elf32/lib/libc.a(lib_a-impure.o)
 .data._impure_ptr
                0x00000000a800e908        0x4 /Users/guozhong/nodejs/curie-smartnode/Arduino.app/Contents/Java/Arduino15/packages/Intel/tools/arc-elf32/1.6.9+1.0.1/bin/../lib/gcc/arc-elf32/4.8.5/../../../../arc-elf32/lib/libc.a(lib_a-impure.o)
                0x00000000a800e908                _impure_ptr
 .data.g_APinDescription
                0x00000000a800e90c      0x370 ./OutputCurieSn/core/variant.cpp.o
                0x00000000a800e90c                g_APinDescription
                0x00000000a800ec7c                __data_ram_end = .

bss             0x00000000a800ec7c      0x8f8 load address 0x000000004003a620
                0x00000000a800ec7c                . = ALIGN (0x4)
                0x00000000a800ec7c                __bss_start = .
 *(.bss)
 *(.bss.*)
 .bss.timer0_overflows
                0x00000000a800ec7c        0x4 ./Contents/Java/Arduino15/packages/Intel/hardware/arc32/1.0.6/variants/arduino_101/libarc32drv_arduino101.a(arcv2_timer0.o)
                0x00000000a800ec7c                timer0_overflows
 .bss.ipc_uart_tx
                0x00000000a800ec80        0x4 ./Contents/Java/Arduino15/packages/Intel/hardware/arc32/1.0.6/variants/arduino_101/libarc32drv_arduino101.a(ipc_uart_ns16550.o)
 .bss.ipc_uart_tx_state
                0x00000000a800ec84        0x1 ./Contents/Java/Arduino15/packages/Intel/hardware/arc32/1.0.6/variants/arduino_101/libarc32drv_arduino101.a(ipc_uart_ns16550.o)
 *fill*         0x00000000a800ec85        0x3 
 .bss.ble_cfw_channel
                0x00000000a800ec88        0x4 ./Contents/Java/Arduino15/packages/Intel/hardware/arc32/1.0.6/variants/arduino_101/libarc32drv_arduino101.a(ipc_uart_ns16550.o)
 .bss.uart      0x00000000a800ec8c       0x10 ./Contents/Java/Arduino15/packages/Intel/hardware/arc32/1.0.6/variants/arduino_101/libarc32drv_arduino101.a(ns16550.o)
 .bss.service_mgr_queue
                0x00000000a800ec9c        0x4 ./Contents/Java/Arduino15/packages/Intel/hardware/arc32/1.0.6/variants/arduino_101/libarc32drv_arduino101.a(cfw_platform.o)
 .bss.service_avail_listeners
                0x00000000a800eca0        0x8 ./Contents/Java/Arduino15/packages/Intel/hardware/arc32/1.0.6/variants/arduino_101/libarc32drv_arduino101.a(service_manager.o)
                0x00000000a800eca0                service_avail_listeners
 .bss.proxies   0x00000000a800eca8       0x10 ./Contents/Java/Arduino15/packages/Intel/hardware/arc32/1.0.6/variants/arduino_101/libarc32drv_arduino101.a(service_manager.o)
 .bss.registered_service_count
                0x00000000a800ecb8        0x4 ./Contents/Java/Arduino15/packages/Intel/hardware/arc32/1.0.6/variants/arduino_101/libarc32drv_arduino101.a(service_manager.o)
 .bss.service_mgr_port_id
                0x00000000a800ecbc        0x4 ./Contents/Java/Arduino15/packages/Intel/hardware/arc32/1.0.6/variants/arduino_101/libarc32drv_arduino101.a(service_manager.o)
                0x00000000a800ecbc                service_mgr_port_id
 .bss.tx_ack_chan
                0x00000000a800ecc0        0x4 ./Contents/Java/Arduino15/packages/Intel/hardware/arc32/1.0.6/variants/arduino_101/libarc32drv_arduino101.a(ipc.o)
 .bss.ipc_mutex
                0x00000000a800ecc4        0x4 ./Contents/Java/Arduino15/packages/Intel/hardware/arc32/1.0.6/variants/arduino_101/libarc32drv_arduino101.a(ipc.o)
 .bss.rx_chan   0x00000000a800ecc8        0x4 ./Contents/Java/Arduino15/packages/Intel/hardware/arc32/1.0.6/variants/arduino_101/libarc32drv_arduino101.a(ipc.o)
 .bss.remote_cpu
                0x00000000a800eccc        0x1 ./Contents/Java/Arduino15/packages/Intel/hardware/arc32/1.0.6/variants/arduino_101/libarc32drv_arduino101.a(ipc.o)
 *fill*         0x00000000a800eccd        0x3 
 .bss.tx_chan   0x00000000a800ecd0        0x4 ./Contents/Java/Arduino15/packages/Intel/hardware/arc32/1.0.6/variants/arduino_101/libarc32drv_arduino101.a(ipc.o)
 .bss.rx_ack_chan
                0x00000000a800ecd4        0x4 ./Contents/Java/Arduino15/packages/Intel/hardware/arc32/1.0.6/variants/arduino_101/libarc32drv_arduino101.a(ipc.o)
 .bss.global_infos
                0x00000000a800ecd8       0x33 ./Contents/Java/Arduino15/packages/Intel/hardware/arc32/1.0.6/variants/arduino_101/libarc32drv_arduino101.a(log.o)
 .bss.this_cpu_id
                0x00000000a800ed0b        0x1 ./Contents/Java/Arduino15/packages/Intel/hardware/arc32/1.0.6/variants/arduino_101/libarc32drv_arduino101.a(port.o)
 .bss.registered_port_count
                0x00000000a800ed0c        0x4 ./Contents/Java/Arduino15/packages/Intel/hardware/arc32/1.0.6/variants/arduino_101/libarc32drv_arduino101.a(port.o)
 .bss.ports     0x00000000a800ed10      0x320 ./Contents/Java/Arduino15/packages/Intel/hardware/arc32/1.0.6/variants/arduino_101/libarc32drv_arduino101.a(port.o)
 .bss.__malloc_top_pad
                0x00000000a800f030        0x4 /Users/guozhong/nodejs/curie-smartnode/Arduino.app/Contents/Java/Arduino15/packages/Intel/tools/arc-elf32/1.6.9+1.0.1/bin/../lib/gcc/arc-elf32/4.8.5/../../../../arc-elf32/lib/libc.a(lib_a-mallocr.o)
                0x00000000a800f030                __malloc_top_pad
 .bss.__malloc_max_sbrked_mem
                0x00000000a800f034        0x4 /Users/guozhong/nodejs/curie-smartnode/Arduino.app/Contents/Java/Arduino15/packages/Intel/tools/arc-elf32/1.6.9+1.0.1/bin/../lib/gcc/arc-elf32/4.8.5/../../../../arc-elf32/lib/libc.a(lib_a-mallocr.o)
                0x00000000a800f034                __malloc_max_sbrked_mem
 .bss.__malloc_max_total_mem
                0x00000000a800f038        0x4 /Users/guozhong/nodejs/curie-smartnode/Arduino.app/Contents/Java/Arduino15/packages/Intel/tools/arc-elf32/1.6.9+1.0.1/bin/../lib/gcc/arc-elf32/4.8.5/../../../../arc-elf32/lib/libc.a(lib_a-mallocr.o)
                0x00000000a800f038                __malloc_max_total_mem
 .bss.__malloc_current_mallinfo
                0x00000000a800f03c       0x28 /Users/guozhong/nodejs/curie-smartnode/Arduino.app/Contents/Java/Arduino15/packages/Intel/tools/arc-elf32/1.6.9+1.0.1/bin/../lib/gcc/arc-elf32/4.8.5/../../../../arc-elf32/lib/libc.a(lib_a-mallocr.o)
                0x00000000a800f03c                __malloc_current_mallinfo
 .bss.DFLed_88864793_7779b8
                0x00000000a800f064       0x2c ./OutputCurieSn/sketch/Ccode_for_curie.ino.cpp.o
                0x00000000a800f064                DFLed_88864793_7779b8
 .bss.timer     0x00000000a800f090       0x78 ./OutputCurieSn/sketch/Ccode_for_curie.ino.cpp.o
                0x00000000a800f090                timer
 .bss.debug_4b899599_b4766c
                0x00000000a800f108       0x24 ./OutputCurieSn/sketch/Ccode_for_curie.ino.cpp.o
                0x00000000a800f108                debug_4b899599_b4766c
 .bss.nodes     0x00000000a800f12c       0x14 ./OutputCurieSn/sketch/Ccode_for_curie.ino.cpp.o
                0x00000000a800f12c                nodes
 .bss.DFButton_c92ed288_36d13
                0x00000000a800f140       0x2c ./OutputCurieSn/sketch/Ccode_for_curie.ino.cpp.o
                0x00000000a800f140                DFButton_c92ed288_36d13
 .bss.eventStore
                0x00000000a800f16c       0x30 ./OutputCurieSn/sketch/Ccode_for_curie.ino.cpp.o
                0x00000000a800f16c                eventStore
 .bss.CurieTimerOne
                0x00000000a800f19c       0x40 ./OutputCurieSn/libraries/CurieTimerOne/CurieTimerOne.cpp.o
                0x00000000a800f19c                CurieTimerOne
 .bss.Serial    0x00000000a800f1dc       0x28 ./OutputCurieSn/core/variant.cpp.o
                0x00000000a800f1dc                Serial
 .bss.Serial1   0x00000000a800f204       0x24 ./OutputCurieSn/core/variant.cpp.o
                0x00000000a800f204                Serial1
 .bss.info_uart
                0x00000000a800f228       0x10 ./OutputCurieSn/core/variant.cpp.o
                0x00000000a800f228                info_uart
 .bss.info_cdc  0x00000000a800f238       0x10 ./OutputCurieSn/core/variant.cpp.o
                0x00000000a800f238                info_cdc
 .bss.rx_buffer_uart
                0x00000000a800f248      0x10c ./OutputCurieSn/core/variant.cpp.o
                0x00000000a800f248                rx_buffer_uart
 .bss.tx_buffer_uart
                0x00000000a800f354      0x10c ./OutputCurieSn/core/variant.cpp.o
                0x00000000a800f354                tx_buffer_uart
 .bss.__dso_handle
                0x00000000a800f460        0x4 ./OutputCurieSn/core/core.a(abi.cpp.o)
                0x00000000a800f460                __dso_handle
 .bss.heap_ptr.1589
                0x00000000a800f464        0x4 /Users/guozhong/nodejs/curie-smartnode/Arduino.app/Contents/Java/Arduino15/packages/Intel/tools/arc-elf32/1.6.9+1.0.1/bin/../lib/gcc/arc-elf32/4.8.5/../../../../arc-elf32/lib/libnsim.a(sbrk.o)
 *(COMMON)
 COMMON         0x00000000a800f468       0x48 ./Contents/Java/Arduino15/packages/Intel/hardware/arc32/1.0.6/variants/arduino_101/libarc32drv_arduino101.a(service_manager.o)
                0x00000000a800f468                services
                0x00000000a800f4a8                registered_evt_list
 COMMON         0x00000000a800f4b0       0x20 ./Contents/Java/Arduino15/packages/Intel/hardware/arc32/1.0.6/variants/arduino_101/libarc32drv_arduino101.a(port.o)
                0x00000000a800f4b0                ipc_handler
 COMMON         0x00000000a800f4d0       0xa0 ./Contents/Java/Arduino15/packages/Intel/hardware/arc32/1.0.6/variants/arduino_101/libarc32drv_arduino101.a(os.o)
                0x00000000a800f4d0                q_pool
 COMMON         0x00000000a800f570        0x4 /Users/guozhong/nodejs/curie-smartnode/Arduino.app/Contents/Java/Arduino15/packages/Intel/tools/arc-elf32/1.6.9+1.0.1/bin/../lib/gcc/arc-elf32/4.8.5/../../../../arc-elf32/lib/libc.a(lib_a-reent.o)
                0x00000000a800f570                errno
                0x00000000a800f574                __bss_end = ALIGN (0x4)

noinit
 *(.noinit)
 *(.noinit.*)
 *(.seg_rxtx)
 *(.seg_rxtx.*)

heap            0x00000000a800f574     0x2000 load address 0x000000004003af18
                0x00000000a800f574                . = ALIGN (0x4)
                0x00000000a800f574                __start_heap = .
                0x00000000a8011574                . = (. + __HEAP_SIZE_MIN)
 *fill*         0x00000000a800f574     0x2000 
                0x00000000a8012000                __end_heap = ALIGN (__PAGE_SIZE)

stack           0x00000000a8011574      0xa00 load address 0x000000004003cf18
                0x00000000a8011774                . = (. + __firq_stack_size)
 *fill*         0x00000000a8011574      0x200 
                0x00000000a8011774                . = ALIGN (0x4)
                0x00000000a8011774                __firq_stack_start = .
                0x00000000a8011f74                . = (. + __stack_size)
 *fill*         0x00000000a8011774      0x800 
                0x00000000a8011f74                . = ALIGN (0x4)
                0x00000000a8011f74                __stack_start = .
                0x00000000a8011f74                _end = .
END GROUP
OUTPUT(./OutputCurieSn/Ccode_for_curie.ino.elf elf32-littlearc)

.debug_info     0x0000000000000000    0x1a629
 .debug_info    0x0000000000000000      0x1e7 ./Contents/Java/Arduino15/packages/Intel/hardware/arc32/1.0.6/variants/arduino_101/libarc32drv_arduino101.a(c_init.o)
 .debug_info    0x00000000000001e7      0x329 ./Contents/Java/Arduino15/packages/Intel/hardware/arc32/1.0.6/variants/arduino_101/libarc32drv_arduino101.a(interrupt.o)
 .debug_info    0x0000000000000510      0x15a ./Contents/Java/Arduino15/packages/Intel/hardware/arc32/1.0.6/variants/arduino_101/libarc32drv_arduino101.a(version.o)
 .debug_info    0x000000000000066a      0x137 ./Contents/Java/Arduino15/packages/Intel/hardware/arc32/1.0.6/variants/arduino_101/libarc32drv_arduino101.a(arcv2_timer0.o)
 .debug_info    0x00000000000007a1      0xd6c ./Contents/Java/Arduino15/packages/Intel/hardware/arc32/1.0.6/variants/arduino_101/libarc32drv_arduino101.a(ipc_uart_ns16550.o)
 .debug_info    0x000000000000150d      0xc1a ./Contents/Java/Arduino15/packages/Intel/hardware/arc32/1.0.6/variants/arduino_101/libarc32drv_arduino101.a(ns16550.o)
 .debug_info    0x0000000000002127      0x72c ./Contents/Java/Arduino15/packages/Intel/hardware/arc32/1.0.6/variants/arduino_101/libarc32drv_arduino101.a(cfw_platform.o)
 .debug_info    0x0000000000002853      0xc4f ./Contents/Java/Arduino15/packages/Intel/hardware/arc32/1.0.6/variants/arduino_101/libarc32drv_arduino101.a(nordic_interface.o)
 .debug_info    0x00000000000034a2      0x82e ./Contents/Java/Arduino15/packages/Intel/hardware/arc32/1.0.6/variants/arduino_101/libarc32drv_arduino101.a(client_api.o)
 .debug_info    0x0000000000003cd0      0xc6d ./Contents/Java/Arduino15/packages/Intel/hardware/arc32/1.0.6/variants/arduino_101/libarc32drv_arduino101.a(service_api.o)
 .debug_info    0x000000000000493d     0x1670 ./Contents/Java/Arduino15/packages/Intel/hardware/arc32/1.0.6/variants/arduino_101/libarc32drv_arduino101.a(service_manager.o)
 .debug_info    0x0000000000005fad      0x873 ./Contents/Java/Arduino15/packages/Intel/hardware/arc32/1.0.6/variants/arduino_101/libarc32drv_arduino101.a(ipc.o)
 .debug_info    0x0000000000006820      0x27c ./Contents/Java/Arduino15/packages/Intel/hardware/arc32/1.0.6/variants/arduino_101/libarc32drv_arduino101.a(ipc_callback.o)
 .debug_info    0x0000000000006a9c      0x518 ./Contents/Java/Arduino15/packages/Intel/hardware/arc32/1.0.6/variants/arduino_101/libarc32drv_arduino101.a(log.o)
 .debug_info    0x0000000000006fb4      0x182 ./Contents/Java/Arduino15/packages/Intel/hardware/arc32/1.0.6/variants/arduino_101/libarc32drv_arduino101.a(log_impl_printk.o)
 .debug_info    0x0000000000007136      0xa9e ./Contents/Java/Arduino15/packages/Intel/hardware/arc32/1.0.6/variants/arduino_101/libarc32drv_arduino101.a(port.o)
 .debug_info    0x0000000000007bd4       0xc9 ./Contents/Java/Arduino15/packages/Intel/hardware/arc32/1.0.6/variants/arduino_101/libarc32drv_arduino101.a(uptime.o)
 .debug_info    0x0000000000007c9d      0x4f6 ./Contents/Java/Arduino15/packages/Intel/hardware/arc32/1.0.6/variants/arduino_101/libarc32drv_arduino101.a(list.o)
 .debug_info    0x0000000000008193      0x7f3 ./Contents/Java/Arduino15/packages/Intel/hardware/arc32/1.0.6/variants/arduino_101/libarc32drv_arduino101.a(os.o)
 .debug_info    0x0000000000008986       0xb7 ./Contents/Java/Arduino15/packages/Intel/hardware/arc32/1.0.6/variants/arduino_101/libarc32drv_arduino101.a(init.o)
 .debug_info    0x0000000000008a3d       0xd2 /Users/guozhong/nodejs/curie-smartnode/Arduino.app/Contents/Java/Arduino15/packages/Intel/tools/arc-elf32/1.6.9+1.0.1/bin/../lib/gcc/arc-elf32/4.8.5/libgcc.a(_udivsi3.o)
 .debug_info    0x0000000000008b0f       0xd2 /Users/guozhong/nodejs/curie-smartnode/Arduino.app/Contents/Java/Arduino15/packages/Intel/tools/arc-elf32/1.6.9+1.0.1/bin/../lib/gcc/arc-elf32/4.8.5/libgcc.a(_umodsi3.o)
 .debug_info    0x0000000000008be1       0xd2 /Users/guozhong/nodejs/curie-smartnode/Arduino.app/Contents/Java/Arduino15/packages/Intel/tools/arc-elf32/1.6.9+1.0.1/bin/../lib/gcc/arc-elf32/4.8.5/libgcc.a(_divmod_tools.o)
 .debug_info    0x0000000000008cb3       0xd2 /Users/guozhong/nodejs/curie-smartnode/Arduino.app/Contents/Java/Arduino15/packages/Intel/tools/arc-elf32/1.6.9+1.0.1/bin/../lib/gcc/arc-elf32/4.8.5/libgcc.a(_millicodethunk_st.o)
 .debug_info    0x0000000000008d85       0xd2 /Users/guozhong/nodejs/curie-smartnode/Arduino.app/Contents/Java/Arduino15/packages/Intel/tools/arc-elf32/1.6.9+1.0.1/bin/../lib/gcc/arc-elf32/4.8.5/libgcc.a(_millicodethunk_ld.o)
 .debug_info    0x0000000000008e57       0xd2 /Users/guozhong/nodejs/curie-smartnode/Arduino.app/Contents/Java/Arduino15/packages/Intel/tools/arc-elf32/1.6.9+1.0.1/bin/../lib/gcc/arc-elf32/4.8.5/libgcc.a(_millicodethunk_ret.o)
 .debug_info    0x0000000000008f29     0x3ffd ./OutputCurieSn/sketch/Ccode_for_curie.ino.cpp.o
 .debug_info    0x000000000000cf26      0xbed ./OutputCurieSn/libraries/CurieTimerOne/CurieTimerOne.cpp.o
 .debug_info    0x000000000000db13      0xadc ./OutputCurieSn/core/variant.cpp.o
 .debug_info    0x000000000000e5ef      0x508 ./OutputCurieSn/core/core.a(wiring.c.o)
 .debug_info    0x000000000000eaf7      0x598 ./OutputCurieSn/core/core.a(wiring_digital.c.o)
 .debug_info    0x000000000000f08f     0x2121 ./OutputCurieSn/core/core.a(CDCSerialClass.cpp.o)
 .debug_info    0x00000000000111b0     0x29a5 ./OutputCurieSn/core/core.a(Print.cpp.o)
 .debug_info    0x0000000000013b55      0x218 ./OutputCurieSn/core/core.a(RingBuffer.cpp.o)
 .debug_info    0x0000000000013d6d     0x23bb ./OutputCurieSn/core/core.a(UARTClass.cpp.o)
 .debug_info    0x0000000000016128     0x3f8a ./OutputCurieSn/core/core.a(WString.cpp.o)
 .debug_info    0x000000000001a0b2       0xbb ./OutputCurieSn/core/core.a(abi.cpp.o)
 .debug_info    0x000000000001a16d      0x25a ./OutputCurieSn/core/core.a(main.cpp.o)
 .debug_info    0x000000000001a3c7      0x1fe ./OutputCurieSn/core/core.a(new.cpp.o)
 .debug_info    0x000000000001a5c5       0x64 ./OutputCurieSn/core/core.a(hooks.c.o)

.debug_abbrev   0x0000000000000000     0x4f78
 .debug_abbrev  0x0000000000000000      0x145 ./Contents/Java/Arduino15/packages/Intel/hardware/arc32/1.0.6/variants/arduino_101/libarc32drv_arduino101.a(c_init.o)
 .debug_abbrev  0x0000000000000145      0x176 ./Contents/Java/Arduino15/packages/Intel/hardware/arc32/1.0.6/variants/arduino_101/libarc32drv_arduino101.a(interrupt.o)
 .debug_abbrev  0x00000000000002bb       0x7b ./Contents/Java/Arduino15/packages/Intel/hardware/arc32/1.0.6/variants/arduino_101/libarc32drv_arduino101.a(version.o)
 .debug_abbrev  0x0000000000000336      0x119 ./Contents/Java/Arduino15/packages/Intel/hardware/arc32/1.0.6/variants/arduino_101/libarc32drv_arduino101.a(arcv2_timer0.o)
 .debug_abbrev  0x000000000000044f      0x34d ./Contents/Java/Arduino15/packages/Intel/hardware/arc32/1.0.6/variants/arduino_101/libarc32drv_arduino101.a(ipc_uart_ns16550.o)
 .debug_abbrev  0x000000000000079c      0x292 ./Contents/Java/Arduino15/packages/Intel/hardware/arc32/1.0.6/variants/arduino_101/libarc32drv_arduino101.a(ns16550.o)
 .debug_abbrev  0x0000000000000a2e      0x26b ./Contents/Java/Arduino15/packages/Intel/hardware/arc32/1.0.6/variants/arduino_101/libarc32drv_arduino101.a(cfw_platform.o)
 .debug_abbrev  0x0000000000000c99      0x269 ./Contents/Java/Arduino15/packages/Intel/hardware/arc32/1.0.6/variants/arduino_101/libarc32drv_arduino101.a(nordic_interface.o)
 .debug_abbrev  0x0000000000000f02      0x244 ./Contents/Java/Arduino15/packages/Intel/hardware/arc32/1.0.6/variants/arduino_101/libarc32drv_arduino101.a(client_api.o)
 .debug_abbrev  0x0000000000001146      0x25e ./Contents/Java/Arduino15/packages/Intel/hardware/arc32/1.0.6/variants/arduino_101/libarc32drv_arduino101.a(service_api.o)
 .debug_abbrev  0x00000000000013a4      0x42b ./Contents/Java/Arduino15/packages/Intel/hardware/arc32/1.0.6/variants/arduino_101/libarc32drv_arduino101.a(service_manager.o)
 .debug_abbrev  0x00000000000017cf      0x255 ./Contents/Java/Arduino15/packages/Intel/hardware/arc32/1.0.6/variants/arduino_101/libarc32drv_arduino101.a(ipc.o)
 .debug_abbrev  0x0000000000001a24      0x160 ./Contents/Java/Arduino15/packages/Intel/hardware/arc32/1.0.6/variants/arduino_101/libarc32drv_arduino101.a(ipc_callback.o)
 .debug_abbrev  0x0000000000001b84      0x1a0 ./Contents/Java/Arduino15/packages/Intel/hardware/arc32/1.0.6/variants/arduino_101/libarc32drv_arduino101.a(log.o)
 .debug_abbrev  0x0000000000001d24       0xe6 ./Contents/Java/Arduino15/packages/Intel/hardware/arc32/1.0.6/variants/arduino_101/libarc32drv_arduino101.a(log_impl_printk.o)
 .debug_abbrev  0x0000000000001e0a      0x36d ./Contents/Java/Arduino15/packages/Intel/hardware/arc32/1.0.6/variants/arduino_101/libarc32drv_arduino101.a(port.o)
 .debug_abbrev  0x0000000000002177       0x7f ./Contents/Java/Arduino15/packages/Intel/hardware/arc32/1.0.6/variants/arduino_101/libarc32drv_arduino101.a(uptime.o)
 .debug_abbrev  0x00000000000021f6      0x1c1 ./Contents/Java/Arduino15/packages/Intel/hardware/arc32/1.0.6/variants/arduino_101/libarc32drv_arduino101.a(list.o)
 .debug_abbrev  0x00000000000023b7      0x2af ./Contents/Java/Arduino15/packages/Intel/hardware/arc32/1.0.6/variants/arduino_101/libarc32drv_arduino101.a(os.o)
 .debug_abbrev  0x0000000000002666       0x14 ./Contents/Java/Arduino15/packages/Intel/hardware/arc32/1.0.6/variants/arduino_101/libarc32drv_arduino101.a(init.o)
 .debug_abbrev  0x000000000000267a       0x14 /Users/guozhong/nodejs/curie-smartnode/Arduino.app/Contents/Java/Arduino15/packages/Intel/tools/arc-elf32/1.6.9+1.0.1/bin/../lib/gcc/arc-elf32/4.8.5/libgcc.a(_udivsi3.o)
 .debug_abbrev  0x000000000000268e       0x14 /Users/guozhong/nodejs/curie-smartnode/Arduino.app/Contents/Java/Arduino15/packages/Intel/tools/arc-elf32/1.6.9+1.0.1/bin/../lib/gcc/arc-elf32/4.8.5/libgcc.a(_umodsi3.o)
 .debug_abbrev  0x00000000000026a2       0x14 /Users/guozhong/nodejs/curie-smartnode/Arduino.app/Contents/Java/Arduino15/packages/Intel/tools/arc-elf32/1.6.9+1.0.1/bin/../lib/gcc/arc-elf32/4.8.5/libgcc.a(_divmod_tools.o)
 .debug_abbrev  0x00000000000026b6       0x14 /Users/guozhong/nodejs/curie-smartnode/Arduino.app/Contents/Java/Arduino15/packages/Intel/tools/arc-elf32/1.6.9+1.0.1/bin/../lib/gcc/arc-elf32/4.8.5/libgcc.a(_millicodethunk_st.o)
 .debug_abbrev  0x00000000000026ca       0x14 /Users/guozhong/nodejs/curie-smartnode/Arduino.app/Contents/Java/Arduino15/packages/Intel/tools/arc-elf32/1.6.9+1.0.1/bin/../lib/gcc/arc-elf32/4.8.5/libgcc.a(_millicodethunk_ld.o)
 .debug_abbrev  0x00000000000026de       0x14 /Users/guozhong/nodejs/curie-smartnode/Arduino.app/Contents/Java/Arduino15/packages/Intel/tools/arc-elf32/1.6.9+1.0.1/bin/../lib/gcc/arc-elf32/4.8.5/libgcc.a(_millicodethunk_ret.o)
 .debug_abbrev  0x00000000000026f2      0x732 ./OutputCurieSn/sketch/Ccode_for_curie.ino.cpp.o
 .debug_abbrev  0x0000000000002e24      0x39f ./OutputCurieSn/libraries/CurieTimerOne/CurieTimerOne.cpp.o
 .debug_abbrev  0x00000000000031c3      0x39f ./OutputCurieSn/core/variant.cpp.o
 .debug_abbrev  0x0000000000003562      0x1e2 ./OutputCurieSn/core/core.a(wiring.c.o)
 .debug_abbrev  0x0000000000003744      0x199 ./OutputCurieSn/core/core.a(wiring_digital.c.o)
 .debug_abbrev  0x00000000000038dd      0x45f ./OutputCurieSn/core/core.a(CDCSerialClass.cpp.o)
 .debug_abbrev  0x0000000000003d3c      0x47a ./OutputCurieSn/core/core.a(Print.cpp.o)
 .debug_abbrev  0x00000000000041b6      0x198 ./OutputCurieSn/core/core.a(RingBuffer.cpp.o)
 .debug_abbrev  0x000000000000434e      0x4dd ./OutputCurieSn/core/core.a(UARTClass.cpp.o)
 .debug_abbrev  0x000000000000482b      0x484 ./OutputCurieSn/core/core.a(WString.cpp.o)
 .debug_abbrev  0x0000000000004caf       0x5f ./OutputCurieSn/core/core.a(abi.cpp.o)
 .debug_abbrev  0x0000000000004d0e       0xfb ./OutputCurieSn/core/core.a(main.cpp.o)
 .debug_abbrev  0x0000000000004e09      0x126 ./OutputCurieSn/core/core.a(new.cpp.o)
 .debug_abbrev  0x0000000000004f2f       0x49 ./OutputCurieSn/core/core.a(hooks.c.o)

.debug_loc      0x0000000000000000     0x91ff
 .debug_loc     0x0000000000000000       0x45 ./Contents/Java/Arduino15/packages/Intel/hardware/arc32/1.0.6/variants/arduino_101/libarc32drv_arduino101.a(c_init.o)
 .debug_loc     0x0000000000000045       0xab ./Contents/Java/Arduino15/packages/Intel/hardware/arc32/1.0.6/variants/arduino_101/libarc32drv_arduino101.a(interrupt.o)
 .debug_loc     0x00000000000000f0      0x44b ./Contents/Java/Arduino15/packages/Intel/hardware/arc32/1.0.6/variants/arduino_101/libarc32drv_arduino101.a(ipc_uart_ns16550.o)
 .debug_loc     0x000000000000053b      0x8b0 ./Contents/Java/Arduino15/packages/Intel/hardware/arc32/1.0.6/variants/arduino_101/libarc32drv_arduino101.a(ns16550.o)
 .debug_loc     0x0000000000000deb       0x58 ./Contents/Java/Arduino15/packages/Intel/hardware/arc32/1.0.6/variants/arduino_101/libarc32drv_arduino101.a(cfw_platform.o)
 .debug_loc     0x0000000000000e43      0x386 ./Contents/Java/Arduino15/packages/Intel/hardware/arc32/1.0.6/variants/arduino_101/libarc32drv_arduino101.a(nordic_interface.o)
 .debug_loc     0x00000000000011c9      0x312 ./Contents/Java/Arduino15/packages/Intel/hardware/arc32/1.0.6/variants/arduino_101/libarc32drv_arduino101.a(client_api.o)
 .debug_loc     0x00000000000014db      0x4ec ./Contents/Java/Arduino15/packages/Intel/hardware/arc32/1.0.6/variants/arduino_101/libarc32drv_arduino101.a(service_api.o)
 .debug_loc     0x00000000000019c7      0xb40 ./Contents/Java/Arduino15/packages/Intel/hardware/arc32/1.0.6/variants/arduino_101/libarc32drv_arduino101.a(service_manager.o)
 .debug_loc     0x0000000000002507      0x2de ./Contents/Java/Arduino15/packages/Intel/hardware/arc32/1.0.6/variants/arduino_101/libarc32drv_arduino101.a(ipc.o)
 .debug_loc     0x00000000000027e5      0x1ed ./Contents/Java/Arduino15/packages/Intel/hardware/arc32/1.0.6/variants/arduino_101/libarc32drv_arduino101.a(ipc_callback.o)
 .debug_loc     0x00000000000029d2      0x23f ./Contents/Java/Arduino15/packages/Intel/hardware/arc32/1.0.6/variants/arduino_101/libarc32drv_arduino101.a(log.o)
 .debug_loc     0x0000000000002c11       0x21 ./Contents/Java/Arduino15/packages/Intel/hardware/arc32/1.0.6/variants/arduino_101/libarc32drv_arduino101.a(log_impl_printk.o)
 .debug_loc     0x0000000000002c32      0x499 ./Contents/Java/Arduino15/packages/Intel/hardware/arc32/1.0.6/variants/arduino_101/libarc32drv_arduino101.a(port.o)
 .debug_loc     0x00000000000030cb      0x279 ./Contents/Java/Arduino15/packages/Intel/hardware/arc32/1.0.6/variants/arduino_101/libarc32drv_arduino101.a(list.o)
 .debug_loc     0x0000000000003344      0x423 ./Contents/Java/Arduino15/packages/Intel/hardware/arc32/1.0.6/variants/arduino_101/libarc32drv_arduino101.a(os.o)
 .debug_loc     0x0000000000003767      0xcb7 ./OutputCurieSn/sketch/Ccode_for_curie.ino.cpp.o
 .debug_loc     0x000000000000441e      0x49e ./OutputCurieSn/libraries/CurieTimerOne/CurieTimerOne.cpp.o
 .debug_loc     0x00000000000048bc      0x133 ./OutputCurieSn/core/variant.cpp.o
 .debug_loc     0x00000000000049ef      0x128 ./OutputCurieSn/core/core.a(wiring.c.o)
 .debug_loc     0x0000000000004b17      0x1c6 ./OutputCurieSn/core/core.a(wiring_digital.c.o)
 .debug_loc     0x0000000000004cdd      0x3e0 ./OutputCurieSn/core/core.a(CDCSerialClass.cpp.o)
 .debug_loc     0x00000000000050bd     0x1427 ./OutputCurieSn/core/core.a(Print.cpp.o)
 .debug_loc     0x00000000000064e4       0x58 ./OutputCurieSn/core/core.a(RingBuffer.cpp.o)
 .debug_loc     0x000000000000653c      0x414 ./OutputCurieSn/core/core.a(UARTClass.cpp.o)
 .debug_loc     0x0000000000006950     0x2803 ./OutputCurieSn/core/core.a(WString.cpp.o)
 .debug_loc     0x0000000000009153       0xac ./OutputCurieSn/core/core.a(new.cpp.o)

.debug_aranges  0x0000000000000000     0x1040
 .debug_aranges
                0x0000000000000000       0x20 ./Contents/Java/Arduino15/packages/Intel/hardware/arc32/1.0.6/variants/arduino_101/libarc32drv_arduino101.a(c_init.o)
 .debug_aranges
                0x0000000000000020       0x50 ./Contents/Java/Arduino15/packages/Intel/hardware/arc32/1.0.6/variants/arduino_101/libarc32drv_arduino101.a(interrupt.o)
 .debug_aranges
                0x0000000000000070       0x18 ./Contents/Java/Arduino15/packages/Intel/hardware/arc32/1.0.6/variants/arduino_101/libarc32drv_arduino101.a(version.o)
 .debug_aranges
                0x0000000000000088       0x28 ./Contents/Java/Arduino15/packages/Intel/hardware/arc32/1.0.6/variants/arduino_101/libarc32drv_arduino101.a(arcv2_timer0.o)
 .debug_aranges
                0x00000000000000b0       0x68 ./Contents/Java/Arduino15/packages/Intel/hardware/arc32/1.0.6/variants/arduino_101/libarc32drv_arduino101.a(ipc_uart_ns16550.o)
 .debug_aranges
                0x0000000000000118       0xc0 ./Contents/Java/Arduino15/packages/Intel/hardware/arc32/1.0.6/variants/arduino_101/libarc32drv_arduino101.a(ns16550.o)
 .debug_aranges
                0x00000000000001d8       0x48 ./Contents/Java/Arduino15/packages/Intel/hardware/arc32/1.0.6/variants/arduino_101/libarc32drv_arduino101.a(cfw_platform.o)
 .debug_aranges
                0x0000000000000220       0x48 ./Contents/Java/Arduino15/packages/Intel/hardware/arc32/1.0.6/variants/arduino_101/libarc32drv_arduino101.a(nordic_interface.o)
 .debug_aranges
                0x0000000000000268       0x48 ./Contents/Java/Arduino15/packages/Intel/hardware/arc32/1.0.6/variants/arduino_101/libarc32drv_arduino101.a(client_api.o)
 .debug_aranges
                0x00000000000002b0       0x78 ./Contents/Java/Arduino15/packages/Intel/hardware/arc32/1.0.6/variants/arduino_101/libarc32drv_arduino101.a(service_api.o)
 .debug_aranges
                0x0000000000000328       0xc0 ./Contents/Java/Arduino15/packages/Intel/hardware/arc32/1.0.6/variants/arduino_101/libarc32drv_arduino101.a(service_manager.o)
 .debug_aranges
                0x00000000000003e8       0x58 ./Contents/Java/Arduino15/packages/Intel/hardware/arc32/1.0.6/variants/arduino_101/libarc32drv_arduino101.a(ipc.o)
 .debug_aranges
                0x0000000000000440       0x20 ./Contents/Java/Arduino15/packages/Intel/hardware/arc32/1.0.6/variants/arduino_101/libarc32drv_arduino101.a(ipc_callback.o)
 .debug_aranges
                0x0000000000000460       0x70 ./Contents/Java/Arduino15/packages/Intel/hardware/arc32/1.0.6/variants/arduino_101/libarc32drv_arduino101.a(log.o)
 .debug_aranges
                0x00000000000004d0       0x38 ./Contents/Java/Arduino15/packages/Intel/hardware/arc32/1.0.6/variants/arduino_101/libarc32drv_arduino101.a(log_impl_printk.o)
 .debug_aranges
                0x0000000000000508       0xa8 ./Contents/Java/Arduino15/packages/Intel/hardware/arc32/1.0.6/variants/arduino_101/libarc32drv_arduino101.a(port.o)
 .debug_aranges
                0x00000000000005b0       0x28 ./Contents/Java/Arduino15/packages/Intel/hardware/arc32/1.0.6/variants/arduino_101/libarc32drv_arduino101.a(uptime.o)
 .debug_aranges
                0x00000000000005d8       0x60 ./Contents/Java/Arduino15/packages/Intel/hardware/arc32/1.0.6/variants/arduino_101/libarc32drv_arduino101.a(list.o)
 .debug_aranges
                0x0000000000000638       0x88 ./Contents/Java/Arduino15/packages/Intel/hardware/arc32/1.0.6/variants/arduino_101/libarc32drv_arduino101.a(os.o)
 .debug_aranges
                0x00000000000006c0       0x20 ./Contents/Java/Arduino15/packages/Intel/hardware/arc32/1.0.6/variants/arduino_101/libarc32drv_arduino101.a(init.o)
 .debug_aranges
                0x00000000000006e0       0x20 /Users/guozhong/nodejs/curie-smartnode/Arduino.app/Contents/Java/Arduino15/packages/Intel/tools/arc-elf32/1.6.9+1.0.1/bin/../lib/gcc/arc-elf32/4.8.5/libgcc.a(_udivsi3.o)
 .debug_aranges
                0x0000000000000700       0x20 /Users/guozhong/nodejs/curie-smartnode/Arduino.app/Contents/Java/Arduino15/packages/Intel/tools/arc-elf32/1.6.9+1.0.1/bin/../lib/gcc/arc-elf32/4.8.5/libgcc.a(_umodsi3.o)
 .debug_aranges
                0x0000000000000720       0x20 /Users/guozhong/nodejs/curie-smartnode/Arduino.app/Contents/Java/Arduino15/packages/Intel/tools/arc-elf32/1.6.9+1.0.1/bin/../lib/gcc/arc-elf32/4.8.5/libgcc.a(_divmod_tools.o)
 .debug_aranges
                0x0000000000000740       0x20 /Users/guozhong/nodejs/curie-smartnode/Arduino.app/Contents/Java/Arduino15/packages/Intel/tools/arc-elf32/1.6.9+1.0.1/bin/../lib/gcc/arc-elf32/4.8.5/libgcc.a(_millicodethunk_st.o)
 .debug_aranges
                0x0000000000000760       0x20 /Users/guozhong/nodejs/curie-smartnode/Arduino.app/Contents/Java/Arduino15/packages/Intel/tools/arc-elf32/1.6.9+1.0.1/bin/../lib/gcc/arc-elf32/4.8.5/libgcc.a(_millicodethunk_ld.o)
 .debug_aranges
                0x0000000000000780       0x20 /Users/guozhong/nodejs/curie-smartnode/Arduino.app/Contents/Java/Arduino15/packages/Intel/tools/arc-elf32/1.6.9+1.0.1/bin/../lib/gcc/arc-elf32/4.8.5/libgcc.a(_millicodethunk_ret.o)
 .debug_aranges
                0x00000000000007a0      0x148 ./OutputCurieSn/sketch/Ccode_for_curie.ino.cpp.o
 .debug_aranges
                0x00000000000008e8       0x80 ./OutputCurieSn/libraries/CurieTimerOne/CurieTimerOne.cpp.o
 .debug_aranges
                0x0000000000000968       0x70 ./OutputCurieSn/core/variant.cpp.o
 .debug_aranges
                0x00000000000009d8       0x30 ./OutputCurieSn/core/core.a(wiring.c.o)
 .debug_aranges
                0x0000000000000a08       0x30 ./OutputCurieSn/core/core.a(wiring_digital.c.o)
 .debug_aranges
                0x0000000000000a38       0x80 ./OutputCurieSn/core/core.a(CDCSerialClass.cpp.o)
 .debug_aranges
                0x0000000000000ab8      0x118 ./OutputCurieSn/core/core.a(Print.cpp.o)
 .debug_aranges
                0x0000000000000bd0       0x28 ./OutputCurieSn/core/core.a(RingBuffer.cpp.o)
 .debug_aranges
                0x0000000000000bf8       0xa0 ./OutputCurieSn/core/core.a(UARTClass.cpp.o)
 .debug_aranges
                0x0000000000000c98      0x2e0 ./OutputCurieSn/core/core.a(WString.cpp.o)
 .debug_aranges
                0x0000000000000f78       0x28 ./OutputCurieSn/core/core.a(abi.cpp.o)
 .debug_aranges
                0x0000000000000fa0       0x28 ./OutputCurieSn/core/core.a(main.cpp.o)
 .debug_aranges
                0x0000000000000fc8       0x48 ./OutputCurieSn/core/core.a(new.cpp.o)
 .debug_aranges
                0x0000000000001010       0x30 ./OutputCurieSn/core/core.a(hooks.c.o)

.debug_ranges   0x0000000000000000     0x16a8
 .debug_ranges  0x0000000000000000       0x10 ./Contents/Java/Arduino15/packages/Intel/hardware/arc32/1.0.6/variants/arduino_101/libarc32drv_arduino101.a(c_init.o)
 .debug_ranges  0x0000000000000010       0x40 ./Contents/Java/Arduino15/packages/Intel/hardware/arc32/1.0.6/variants/arduino_101/libarc32drv_arduino101.a(interrupt.o)
 .debug_ranges  0x0000000000000050       0x18 ./Contents/Java/Arduino15/packages/Intel/hardware/arc32/1.0.6/variants/arduino_101/libarc32drv_arduino101.a(arcv2_timer0.o)
 .debug_ranges  0x0000000000000068       0x70 ./Contents/Java/Arduino15/packages/Intel/hardware/arc32/1.0.6/variants/arduino_101/libarc32drv_arduino101.a(ipc_uart_ns16550.o)